Archive member included because of file (symbol)

/usr/lib/gcc/avr/4.3.3/../../../avr/lib/avr5/libc.a(exit.o)
                              /usr/lib/gcc/avr/4.3.3/../../../avr/lib/avr5/crtm169.o (exit)
/usr/lib/gcc/avr/4.3.3/../../../avr/lib/avr5/libc.a(cmpsf2.o)
                              main.o (__ltsf2)
/usr/lib/gcc/avr/4.3.3/../../../avr/lib/avr5/libc.a(divsf3.o)
                              main.o (__divsf3)
/usr/lib/gcc/avr/4.3.3/../../../avr/lib/avr5/libc.a(divsf3x.o)
                              /usr/lib/gcc/avr/4.3.3/../../../avr/lib/avr5/libc.a(divsf3.o) (__divsf3x)
/usr/lib/gcc/avr/4.3.3/../../../avr/lib/avr5/libc.a(fixunssfsi.o)
                              main.o (__fixunssfsi)
/usr/lib/gcc/avr/4.3.3/../../../avr/lib/avr5/libc.a(floatsisf.o)
                              main.o (__floatsisf)
/usr/lib/gcc/avr/4.3.3/../../../avr/lib/avr5/libc.a(fp_cmp.o)
                              /usr/lib/gcc/avr/4.3.3/../../../avr/lib/avr5/libc.a(cmpsf2.o) (__fp_cmp)
/usr/lib/gcc/avr/4.3.3/../../../avr/lib/avr5/libc.a(fp_inf.o)
                              /usr/lib/gcc/avr/4.3.3/../../../avr/lib/avr5/libc.a(divsf3x.o) (__fp_inf)
/usr/lib/gcc/avr/4.3.3/../../../avr/lib/avr5/libc.a(fp_nan.o)
                              /usr/lib/gcc/avr/4.3.3/../../../avr/lib/avr5/libc.a(divsf3x.o) (__fp_nan)
/usr/lib/gcc/avr/4.3.3/../../../avr/lib/avr5/libc.a(fp_pscA.o)
                              /usr/lib/gcc/avr/4.3.3/../../../avr/lib/avr5/libc.a(divsf3x.o) (__fp_pscA)
/usr/lib/gcc/avr/4.3.3/../../../avr/lib/avr5/libc.a(fp_pscB.o)
                              /usr/lib/gcc/avr/4.3.3/../../../avr/lib/avr5/libc.a(divsf3x.o) (__fp_pscB)
/usr/lib/gcc/avr/4.3.3/../../../avr/lib/avr5/libc.a(fp_round.o)
                              /usr/lib/gcc/avr/4.3.3/../../../avr/lib/avr5/libc.a(divsf3.o) (__fp_round)
/usr/lib/gcc/avr/4.3.3/../../../avr/lib/avr5/libc.a(fp_split3.o)
                              /usr/lib/gcc/avr/4.3.3/../../../avr/lib/avr5/libc.a(divsf3x.o) (__fp_split3)
/usr/lib/gcc/avr/4.3.3/../../../avr/lib/avr5/libc.a(fp_zero.o)
                              /usr/lib/gcc/avr/4.3.3/../../../avr/lib/avr5/libc.a(fixunssfsi.o) (__fp_zero)
/usr/lib/gcc/avr/4.3.3/../../../avr/lib/avr5/libc.a(gesf2.o)
                              main.o (__gtsf2)
/usr/lib/gcc/avr/4.3.3/../../../avr/lib/avr5/libc.a(mulsf3.o)
                              main.o (__mulsf3)
/usr/lib/gcc/avr/4.3.3/../../../avr/lib/avr5/libc.a(mulsf3x.o)
                              /usr/lib/gcc/avr/4.3.3/../../../avr/lib/avr5/libc.a(mulsf3.o) (__mulsf3x)
/usr/lib/gcc/avr/4.3.3/avr5/libgcc.a(_exit.o)
                              /usr/lib/gcc/avr/4.3.3/../../../avr/lib/avr5/libc.a(exit.o) (_exit)
/usr/lib/gcc/avr/4.3.3/avr5/libgcc.a(_copy_data.o)
                              main.o (__do_copy_data)
/usr/lib/gcc/avr/4.3.3/avr5/libgcc.a(_clear_bss.o)
                              main.o (__do_clear_bss)

Allocating common symbols
Common symbol       size              file

rxTail              0x1               serutil.o
dataRxBuffer        0x8               serutil.o
rxHead              0x1               serutil.o

Memory Configuration

Name             Origin             Length             Attributes
text             0x00000000         0x00020000         xr
data             0x00800060         0x0000ffa0         rw !x
eeprom           0x00810000         0x00010000         rw !x
fuse             0x00820000         0x00000400         rw !x
lock             0x00830000         0x00000400         rw !x
signature        0x00840000         0x00000400         rw !x
*default*        0x00000000         0xffffffff

Linker script and memory map

Address of section .data set to 0x800100
LOAD /usr/lib/gcc/avr/4.3.3/../../../avr/lib/avr5/crtm169.o
LOAD main.o
LOAD serutil.o
LOAD stepper.o
LOAD dmc16207.o
LOAD /usr/lib/gcc/avr/4.3.3/../../../avr/lib/avr5/libc.a
LOAD /usr/lib/gcc/avr/4.3.3/avr5/libgcc.a
LOAD /usr/lib/gcc/avr/4.3.3/../../../avr/lib/avr5/libc.a
LOAD /usr/lib/gcc/avr/4.3.3/avr5/libgcc.a

.hash
 *(.hash)

.dynsym
 *(.dynsym)

.dynstr
 *(.dynstr)

.gnu.version
 *(.gnu.version)

.gnu.version_d
 *(.gnu.version_d)

.gnu.version_r
 *(.gnu.version_r)

.rel.init
 *(.rel.init)

.rela.init
 *(.rela.init)

.rel.text
 *(.rel.text)
 *(.rel.text.*)
 *(.rel.gnu.linkonce.t*)

.rela.text
 *(.rela.text)
 *(.rela.text.*)
 *(.rela.gnu.linkonce.t*)

.rel.fini
 *(.rel.fini)

.rela.fini
 *(.rela.fini)

.rel.rodata
 *(.rel.rodata)
 *(.rel.rodata.*)
 *(.rel.gnu.linkonce.r*)

.rela.rodata
 *(.rela.rodata)
 *(.rela.rodata.*)
 *(.rela.gnu.linkonce.r*)

.rel.data
 *(.rel.data)
 *(.rel.data.*)
 *(.rel.gnu.linkonce.d*)

.rela.data
 *(.rela.data)
 *(.rela.data.*)
 *(.rela.gnu.linkonce.d*)

.rel.ctors
 *(.rel.ctors)

.rela.ctors
 *(.rela.ctors)

.rel.dtors
 *(.rel.dtors)

.rela.dtors
 *(.rela.dtors)

.rel.got
 *(.rel.got)

.rela.got
 *(.rela.got)

.rel.bss
 *(.rel.bss)

.rela.bss
 *(.rela.bss)

.rel.plt
 *(.rel.plt)

.rela.plt
 *(.rela.plt)

.text           0x00000000      0xb5a
 *(.vectors)
 .vectors       0x00000000       0x5c /usr/lib/gcc/avr/4.3.3/../../../avr/lib/avr5/crtm169.o
                0x00000000                __vectors
                0x00000000                __vector_default
 *(.vectors)
 *(.progmem.gcc*)
 *(.progmem*)
 .progmem.data  0x0000005c       0xaa main.o
                0x0000005c                msgInit
                0x00000063                helpMsg
 .progmem.data  0x00000106       0x10 serutil.o
                0x00000106                hexTable
 .progmem.data  0x00000116        0x6 stepper.o
                0x00000116                stepSequence
                0x0000011c                . = ALIGN (0x2)
                0x0000011c                __trampolines_start = .
 *(.trampolines)
 .trampolines   0x0000011c        0x0 linker stubs
 *(.trampolines*)
                0x0000011c                __trampolines_end = .
 *(.jumptables)
 *(.jumptables*)
 *(.lowtext)
 *(.lowtext*)
                0x0000011c                __ctors_start = .
 *(.ctors)
                0x0000011c                __ctors_end = .
                0x0000011c                __dtors_start = .
 *(.dtors)
                0x0000011c                __dtors_end = .
 SORT(*)(.ctors)
 SORT(*)(.dtors)
 *(.init0)
 .init0         0x0000011c        0x0 /usr/lib/gcc/avr/4.3.3/../../../avr/lib/avr5/crtm169.o
                0x0000011c                __init
 *(.init0)
 *(.init1)
 *(.init1)
 *(.init2)
 .init2         0x0000011c        0xc /usr/lib/gcc/avr/4.3.3/../../../avr/lib/avr5/crtm169.o
 *(.init2)
 *(.init3)
 *(.init3)
 *(.init4)
 .init4         0x00000128       0x16 /usr/lib/gcc/avr/4.3.3/avr5/libgcc.a(_copy_data.o)
                0x00000128                __do_copy_data
 .init4         0x0000013e       0x10 /usr/lib/gcc/avr/4.3.3/avr5/libgcc.a(_clear_bss.o)
                0x0000013e                __do_clear_bss
 *(.init4)
 *(.init5)
 *(.init5)
 *(.init6)
 *(.init6)
 *(.init7)
 *(.init7)
 *(.init8)
 *(.init8)
 *(.init9)
 .init9         0x0000014e        0x8 /usr/lib/gcc/avr/4.3.3/../../../avr/lib/avr5/crtm169.o
 *(.init9)
 *(.text)
 .text          0x00000156        0x4 /usr/lib/gcc/avr/4.3.3/../../../avr/lib/avr5/crtm169.o
                0x00000156                __vector_22
                0x00000156                __vector_1
                0x00000156                __vector_12
                0x00000156                __bad_interrupt
                0x00000156                __vector_6
                0x00000156                __vector_3
                0x00000156                __vector_11
                0x00000156                __vector_17
                0x00000156                __vector_19
                0x00000156                __vector_7
                0x00000156                __vector_5
                0x00000156                __vector_4
                0x00000156                __vector_9
                0x00000156                __vector_2
                0x00000156                __vector_21
                0x00000156                __vector_15
                0x00000156                __vector_8
                0x00000156                __vector_10
                0x00000156                __vector_16
                0x00000156                __vector_18
                0x00000156                __vector_20
 .text          0x0000015a      0x2f2 main.o
                0x0000015a                main
 .text          0x0000044c      0x1b0 serutil.o
                0x00000568                uart_send_sync
                0x0000053e                uart_send_async
                0x000004a2                __vector_13
                0x00000594                uart_init
                0x000004e8                uart_get_buffered
                0x00000526                uart_send_char
                0x0000044c                __vector_14
                0x000005b4                uart_send_hex_byte
 .text          0x000005fc       0xb4 stepper.o
                0x000006aa                coilBBackward
                0x00000698                coilAForward
                0x0000069e                coilABackward
                0x00000614                stepper1Forward
                0x000006a4                coilBForward
                0x00000680                stepper1Stop
                0x000005fc                stepperInit
                0x0000064a                stepper1Back
 .text          0x000006b0      0x13e dmc16207.o
                0x000007b8                lcdStringPtr
                0x00000760                lcdInit
                0x000006c4                lcdData
                0x000007d4                lcdString
                0x00000710                lcdChar
                0x000006b0                e
 .text          0x000007ee        0x6 /usr/lib/gcc/avr/4.3.3/../../../avr/lib/avr5/libc.a(exit.o)
                0x000007ee                exit
 .text          0x000007f4        0x0 /usr/lib/gcc/avr/4.3.3/../../../avr/lib/avr5/libc.a(cmpsf2.o)
 .text          0x000007f4        0x0 /usr/lib/gcc/avr/4.3.3/../../../avr/lib/avr5/libc.a(divsf3.o)
 .text          0x000007f4        0x0 /usr/lib/gcc/avr/4.3.3/../../../avr/lib/avr5/libc.a(divsf3x.o)
 .text          0x000007f4        0x0 /usr/lib/gcc/avr/4.3.3/../../../avr/lib/avr5/libc.a(fixunssfsi.o)
 .text          0x000007f4        0x0 /usr/lib/gcc/avr/4.3.3/../../../avr/lib/avr5/libc.a(floatsisf.o)
 .text          0x000007f4        0x0 /usr/lib/gcc/avr/4.3.3/../../../avr/lib/avr5/libc.a(fp_cmp.o)
 .text          0x000007f4        0x0 /usr/lib/gcc/avr/4.3.3/../../../avr/lib/avr5/libc.a(fp_inf.o)
 .text          0x000007f4        0x0 /usr/lib/gcc/avr/4.3.3/../../../avr/lib/avr5/libc.a(fp_nan.o)
 .text          0x000007f4        0x0 /usr/lib/gcc/avr/4.3.3/../../../avr/lib/avr5/libc.a(fp_pscA.o)
 .text          0x000007f4        0x0 /usr/lib/gcc/avr/4.3.3/../../../avr/lib/avr5/libc.a(fp_pscB.o)
 .text          0x000007f4        0x0 /usr/lib/gcc/avr/4.3.3/../../../avr/lib/avr5/libc.a(fp_round.o)
 .text          0x000007f4        0x0 /usr/lib/gcc/avr/4.3.3/../../../avr/lib/avr5/libc.a(fp_split3.o)
 .text          0x000007f4        0x0 /usr/lib/gcc/avr/4.3.3/../../../avr/lib/avr5/libc.a(fp_zero.o)
 .text          0x000007f4        0x0 /usr/lib/gcc/avr/4.3.3/../../../avr/lib/avr5/libc.a(gesf2.o)
 .text          0x000007f4        0x0 /usr/lib/gcc/avr/4.3.3/../../../avr/lib/avr5/libc.a(mulsf3.o)
 .text          0x000007f4        0x0 /usr/lib/gcc/avr/4.3.3/../../../avr/lib/avr5/libc.a(mulsf3x.o)
 .text          0x000007f4        0x0 /usr/lib/gcc/avr/4.3.3/avr5/libgcc.a(_exit.o)
 .text          0x000007f4        0x0 /usr/lib/gcc/avr/4.3.3/avr5/libgcc.a(_copy_data.o)
 .text          0x000007f4        0x0 /usr/lib/gcc/avr/4.3.3/avr5/libgcc.a(_clear_bss.o)
                0x000007f4                . = ALIGN (0x2)
 *(.text.*)
 .text.fplib    0x000007f4        0x8 /usr/lib/gcc/avr/4.3.3/../../../avr/lib/avr5/libc.a(cmpsf2.o)
                0x000007f4                __lesf2
                0x000007f4                __nesf2
                0x000007f4                __eqsf2
                0x000007f4                __cmpsf2
                0x000007f4                __ltsf2
 .text.fplib    0x000007fc        0x4 /usr/lib/gcc/avr/4.3.3/../../../avr/lib/avr5/libc.a(divsf3.o)
                0x000007fc                __divsf3
 .text.fplib    0x00000800       0xcc /usr/lib/gcc/avr/4.3.3/../../../avr/lib/avr5/libc.a(divsf3x.o)
                0x00000816                __divsf3x
                0x0000081a                __divsf3_pse
 .text.fplib    0x000008cc       0x58 /usr/lib/gcc/avr/4.3.3/../../../avr/lib/avr5/libc.a(fixunssfsi.o)
                0x000008cc                __fixunssfsi
 .text.fplib    0x00000924       0x7a /usr/lib/gcc/avr/4.3.3/../../../avr/lib/avr5/libc.a(floatsisf.o)
                0x00000928                __floatsisf
                0x00000924                __floatunsisf
 .text.fplib    0x0000099e       0x48 /usr/lib/gcc/avr/4.3.3/../../../avr/lib/avr5/libc.a(fp_cmp.o)
                0x0000099e                __fp_cmp
 .text.fplib    0x000009e6        0xc /usr/lib/gcc/avr/4.3.3/../../../avr/lib/avr5/libc.a(fp_inf.o)
                0x000009e6                __fp_inf
 .text.fplib    0x000009f2        0x6 /usr/lib/gcc/avr/4.3.3/../../../avr/lib/avr5/libc.a(fp_nan.o)
                0x000009f2                __fp_nan
 .text.fplib    0x000009f8        0xe /usr/lib/gcc/avr/4.3.3/../../../avr/lib/avr5/libc.a(fp_pscA.o)
                0x000009f8                __fp_pscA
 .text.fplib    0x00000a06        0xe /usr/lib/gcc/avr/4.3.3/../../../avr/lib/avr5/libc.a(fp_pscB.o)
                0x00000a06                __fp_pscB
 .text.fplib    0x00000a14       0x22 /usr/lib/gcc/avr/4.3.3/../../../avr/lib/avr5/libc.a(fp_round.o)
                0x00000a14                __fp_round
 .text.fplib    0x00000a36       0x44 /usr/lib/gcc/avr/4.3.3/../../../avr/lib/avr5/libc.a(fp_split3.o)
                0x00000a36                __fp_split3
                0x00000a46                __fp_splitA
 .text.fplib    0x00000a7a        0xe /usr/lib/gcc/avr/4.3.3/../../../avr/lib/avr5/libc.a(fp_zero.o)
                0x00000a7a                __fp_zero
                0x00000a7c                __fp_szero
 .text.fplib    0x00000a88        0x8 /usr/lib/gcc/avr/4.3.3/../../../avr/lib/avr5/libc.a(gesf2.o)
                0x00000a88                __gtsf2
                0x00000a88                __gesf2
 .text.fplib    0x00000a90        0x4 /usr/lib/gcc/avr/4.3.3/../../../avr/lib/avr5/libc.a(mulsf3.o)
                0x00000a90                __mulsf3
 .text.fplib    0x00000a94       0xc2 /usr/lib/gcc/avr/4.3.3/../../../avr/lib/avr5/libc.a(mulsf3x.o)
                0x00000aac                __mulsf3_pse
                0x00000aa8                __mulsf3x
 .text.libgcc   0x00000b56        0x0 /usr/lib/gcc/avr/4.3.3/avr5/libgcc.a(_exit.o)
 .text.libgcc   0x00000b56        0x0 /usr/lib/gcc/avr/4.3.3/avr5/libgcc.a(_copy_data.o)
 .text.libgcc   0x00000b56        0x0 /usr/lib/gcc/avr/4.3.3/avr5/libgcc.a(_clear_bss.o)
                0x00000b56                . = ALIGN (0x2)
 *(.fini9)
 .fini9         0x00000b56        0x0 /usr/lib/gcc/avr/4.3.3/avr5/libgcc.a(_exit.o)
                0x00000b56                _exit
 *(.fini9)
 *(.fini8)
 *(.fini8)
 *(.fini7)
 *(.fini7)
 *(.fini6)
 *(.fini6)
 *(.fini5)
 *(.fini5)
 *(.fini4)
 *(.fini4)
 *(.fini3)
 *(.fini3)
 *(.fini2)
 *(.fini2)
 *(.fini1)
 *(.fini1)
 *(.fini0)
 .fini0         0x00000b56        0x4 /usr/lib/gcc/avr/4.3.3/avr5/libgcc.a(_exit.o)
 *(.fini0)
                0x00000b5a                _etext = .

.data           0x00800100        0x0 load address 0x00000b5a
                0x00800100                PROVIDE (__data_start, .)
 *(.data)
 .data          0x00800100        0x0 /usr/lib/gcc/avr/4.3.3/../../../avr/lib/avr5/crtm169.o
 .data          0x00800100        0x0 main.o
 .data          0x00800100        0x0 serutil.o
 .data          0x00800100        0x0 stepper.o
 .data          0x00800100        0x0 dmc16207.o
 .data          0x00800100        0x0 /usr/lib/gcc/avr/4.3.3/../../../avr/lib/avr5/libc.a(exit.o)
 .data          0x00800100        0x0 /usr/lib/gcc/avr/4.3.3/../../../avr/lib/avr5/libc.a(cmpsf2.o)
 .data          0x00800100        0x0 /usr/lib/gcc/avr/4.3.3/../../../avr/lib/avr5/libc.a(divsf3.o)
 .data          0x00800100        0x0 /usr/lib/gcc/avr/4.3.3/../../../avr/lib/avr5/libc.a(divsf3x.o)
 .data          0x00800100        0x0 /usr/lib/gcc/avr/4.3.3/../../../avr/lib/avr5/libc.a(fixunssfsi.o)
 .data          0x00800100        0x0 /usr/lib/gcc/avr/4.3.3/../../../avr/lib/avr5/libc.a(floatsisf.o)
 .data          0x00800100        0x0 /usr/lib/gcc/avr/4.3.3/../../../avr/lib/avr5/libc.a(fp_cmp.o)
 .data          0x00800100        0x0 /usr/lib/gcc/avr/4.3.3/../../../avr/lib/avr5/libc.a(fp_inf.o)
 .data          0x00800100        0x0 /usr/lib/gcc/avr/4.3.3/../../../avr/lib/avr5/libc.a(fp_nan.o)
 .data          0x00800100        0x0 /usr/lib/gcc/avr/4.3.3/../../../avr/lib/avr5/libc.a(fp_pscA.o)
 .data          0x00800100        0x0 /usr/lib/gcc/avr/4.3.3/../../../avr/lib/avr5/libc.a(fp_pscB.o)
 .data          0x00800100        0x0 /usr/lib/gcc/avr/4.3.3/../../../avr/lib/avr5/libc.a(fp_round.o)
 .data          0x00800100        0x0 /usr/lib/gcc/avr/4.3.3/../../../avr/lib/avr5/libc.a(fp_split3.o)
 .data          0x00800100        0x0 /usr/lib/gcc/avr/4.3.3/../../../avr/lib/avr5/libc.a(fp_zero.o)
 .data          0x00800100        0x0 /usr/lib/gcc/avr/4.3.3/../../../avr/lib/avr5/libc.a(gesf2.o)
 .data          0x00800100        0x0 /usr/lib/gcc/avr/4.3.3/../../../avr/lib/avr5/libc.a(mulsf3.o)
 .data          0x00800100        0x0 /usr/lib/gcc/avr/4.3.3/../../../avr/lib/avr5/libc.a(mulsf3x.o)
 .data          0x00800100        0x0 /usr/lib/gcc/avr/4.3.3/avr5/libgcc.a(_exit.o)
 .data          0x00800100        0x0 /usr/lib/gcc/avr/4.3.3/avr5/libgcc.a(_copy_data.o)
 .data          0x00800100        0x0 /usr/lib/gcc/avr/4.3.3/avr5/libgcc.a(_clear_bss.o)
 *(.data*)
 *(.rodata)
 *(.rodata*)
 *(.gnu.linkonce.d*)
                0x00800100                . = ALIGN (0x2)
                0x00800100                _edata = .
                0x00800100                PROVIDE (__data_end, .)

.bss            0x00800100        0xf load address 0x00000b5a
                0x00800100                PROVIDE (__bss_start, .)
 *(.bss)
 .bss           0x00800100        0x0 /usr/lib/gcc/avr/4.3.3/../../../avr/lib/avr5/crtm169.o
 .bss           0x00800100        0x0 main.o
 .bss           0x00800100        0x3 serutil.o
 .bss           0x00800103        0x2 stepper.o
 .bss           0x00800105        0x0 dmc16207.o
 .bss           0x00800105        0x0 /usr/lib/gcc/avr/4.3.3/../../../avr/lib/avr5/libc.a(exit.o)
 .bss           0x00800105        0x0 /usr/lib/gcc/avr/4.3.3/../../../avr/lib/avr5/libc.a(cmpsf2.o)
 .bss           0x00800105        0x0 /usr/lib/gcc/avr/4.3.3/../../../avr/lib/avr5/libc.a(divsf3.o)
 .bss           0x00800105        0x0 /usr/lib/gcc/avr/4.3.3/../../../avr/lib/avr5/libc.a(divsf3x.o)
 .bss           0x00800105        0x0 /usr/lib/gcc/avr/4.3.3/../../../avr/lib/avr5/libc.a(fixunssfsi.o)
 .bss           0x00800105        0x0 /usr/lib/gcc/avr/4.3.3/../../../avr/lib/avr5/libc.a(floatsisf.o)
 .bss           0x00800105        0x0 /usr/lib/gcc/avr/4.3.3/../../../avr/lib/avr5/libc.a(fp_cmp.o)
 .bss           0x00800105        0x0 /usr/lib/gcc/avr/4.3.3/../../../avr/lib/avr5/libc.a(fp_inf.o)
 .bss           0x00800105        0x0 /usr/lib/gcc/avr/4.3.3/../../../avr/lib/avr5/libc.a(fp_nan.o)
 .bss           0x00800105        0x0 /usr/lib/gcc/avr/4.3.3/../../../avr/lib/avr5/libc.a(fp_pscA.o)
 .bss           0x00800105        0x0 /usr/lib/gcc/avr/4.3.3/../../../avr/lib/avr5/libc.a(fp_pscB.o)
 .bss           0x00800105        0x0 /usr/lib/gcc/avr/4.3.3/../../../avr/lib/avr5/libc.a(fp_round.o)
 .bss           0x00800105        0x0 /usr/lib/gcc/avr/4.3.3/../../../avr/lib/avr5/libc.a(fp_split3.o)
 .bss           0x00800105        0x0 /usr/lib/gcc/avr/4.3.3/../../../avr/lib/avr5/libc.a(fp_zero.o)
 .bss           0x00800105        0x0 /usr/lib/gcc/avr/4.3.3/../../../avr/lib/avr5/libc.a(gesf2.o)
 .bss           0x00800105        0x0 /usr/lib/gcc/avr/4.3.3/../../../avr/lib/avr5/libc.a(mulsf3.o)
 .bss           0x00800105        0x0 /usr/lib/gcc/avr/4.3.3/../../../avr/lib/avr5/libc.a(mulsf3x.o)
 .bss           0x00800105        0x0 /usr/lib/gcc/avr/4.3.3/avr5/libgcc.a(_exit.o)
 .bss           0x00800105        0x0 /usr/lib/gcc/avr/4.3.3/avr5/libgcc.a(_copy_data.o)
 .bss           0x00800105        0x0 /usr/lib/gcc/avr/4.3.3/avr5/libgcc.a(_clear_bss.o)
 *(.bss*)
 *(COMMON)
 COMMON         0x00800105        0xa serutil.o
                0x00800105                rxTail
                0x00800106                dataRxBuffer
                0x0080010e                rxHead
                0x0080010f                PROVIDE (__bss_end, .)
                0x00000b5a                __data_load_start = LOADADDR (.data)
                0x00000b5a                __data_load_end = (__data_load_start + SIZEOF (.data))

.noinit         0x0080010f        0x0
                0x0080010f                PROVIDE (__noinit_start, .)
 *(.noinit*)
                0x0080010f                PROVIDE (__noinit_end, .)
                0x0080010f                _end = .
                0x0080010f                PROVIDE (__heap_start, .)

.eeprom         0x00810000        0x0
 *(.eeprom*)
                0x00810000                __eeprom_end = .

.fuse
 *(.fuse)
 *(.lfuse)
 *(.hfuse)
 *(.efuse)

.lock
 *(.lock*)

.signature
 *(.signature*)

.stab           0x00000000     0x3b70
 *(.stab)
 .stab          0x00000000      0x6b4 /usr/lib/gcc/avr/4.3.3/../../../avr/lib/avr5/crtm169.o
 .stab          0x000006b4      0x924 main.o
                                0x930 (size before relaxing)
 .stab          0x00000fd8      0x66c serutil.o
                                0x918 (size before relaxing)
 .stab          0x00001644      0x558 stepper.o
                                0x7bc (size before relaxing)
 .stab          0x00001b9c      0x7c8 dmc16207.o
                                0xa2c (size before relaxing)
 .stab          0x00002364       0x30 /usr/lib/gcc/avr/4.3.3/../../../avr/lib/avr5/libc.a(exit.o)
                                 0x3c (size before relaxing)
 .stab          0x00002394       0x90 /usr/lib/gcc/avr/4.3.3/../../../avr/lib/avr5/libc.a(cmpsf2.o)
                                 0x9c (size before relaxing)
 .stab          0x00002424       0x48 /usr/lib/gcc/avr/4.3.3/../../../avr/lib/avr5/libc.a(divsf3.o)
                                 0x54 (size before relaxing)
 .stab          0x0000246c      0x510 /usr/lib/gcc/avr/4.3.3/../../../avr/lib/avr5/libc.a(divsf3x.o)
                                0x51c (size before relaxing)
 .stab          0x0000297c      0x240 /usr/lib/gcc/avr/4.3.3/../../../avr/lib/avr5/libc.a(fixunssfsi.o)
                                0x24c (size before relaxing)
 .stab          0x00002bbc      0x318 /usr/lib/gcc/avr/4.3.3/../../../avr/lib/avr5/libc.a(floatsisf.o)
                                0x324 (size before relaxing)
 .stab          0x00002ed4      0x1e0 /usr/lib/gcc/avr/4.3.3/../../../avr/lib/avr5/libc.a(fp_cmp.o)
                                0x1ec (size before relaxing)
 .stab          0x000030b4       0x78 /usr/lib/gcc/avr/4.3.3/../../../avr/lib/avr5/libc.a(fp_inf.o)
                                 0x84 (size before relaxing)
 .stab          0x0000312c       0x54 /usr/lib/gcc/avr/4.3.3/../../../avr/lib/avr5/libc.a(fp_nan.o)
                                 0x60 (size before relaxing)
 .stab          0x00003180       0x84 /usr/lib/gcc/avr/4.3.3/../../../avr/lib/avr5/libc.a(fp_pscA.o)
                                 0x90 (size before relaxing)
 .stab          0x00003204       0x84 /usr/lib/gcc/avr/4.3.3/../../../avr/lib/avr5/libc.a(fp_pscB.o)
                                 0x90 (size before relaxing)
 .stab          0x00003288       0xfc /usr/lib/gcc/avr/4.3.3/../../../avr/lib/avr5/libc.a(fp_round.o)
                                0x108 (size before relaxing)
 .stab          0x00003384      0x1d4 /usr/lib/gcc/avr/4.3.3/../../../avr/lib/avr5/libc.a(fp_split3.o)
                                0x1e0 (size before relaxing)
 .stab          0x00003558       0x90 /usr/lib/gcc/avr/4.3.3/../../../avr/lib/avr5/libc.a(fp_zero.o)
                                 0x9c (size before relaxing)
 .stab          0x000035e8       0x6c /usr/lib/gcc/avr/4.3.3/../../../avr/lib/avr5/libc.a(gesf2.o)
                                 0x78 (size before relaxing)
 .stab          0x00003654       0x48 /usr/lib/gcc/avr/4.3.3/../../../avr/lib/avr5/libc.a(mulsf3.o)
                                 0x54 (size before relaxing)
 .stab          0x0000369c      0x4d4 /usr/lib/gcc/avr/4.3.3/../../../avr/lib/avr5/libc.a(mulsf3x.o)
                                0x4e0 (size before relaxing)

.stabstr        0x00000000     0x1200
 *(.stabstr)
 .stabstr       0x00000000     0x1200 /usr/lib/gcc/avr/4.3.3/../../../avr/lib/avr5/crtm169.o

.stab.excl
 *(.stab.excl)

.stab.exclstr
 *(.stab.exclstr)

.stab.index
 *(.stab.index)

.stab.indexstr
 *(.stab.indexstr)

.comment
 *(.comment)

.debug
 *(.debug)

.line
 *(.line)

.debug_srcinfo
 *(.debug_srcinfo)

.debug_sfnames
 *(.debug_sfnames)

.debug_aranges
 *(.debug_aranges)

.debug_pubnames
 *(.debug_pubnames)

.debug_info
 *(.debug_info)
 *(.gnu.linkonce.wi.*)

.debug_abbrev
 *(.debug_abbrev)

.debug_line
 *(.debug_line)

.debug_frame
 *(.debug_frame)

.debug_str
 *(.debug_str)

.debug_loc
 *(.debug_loc)

.debug_macinfo
 *(.debug_macinfo)
OUTPUT(projector.out elf32-avr)
LOAD linker stubs
