Archive member included because of file (symbol)

/usr/local/CrossPack-AVR-20120217/lib/gcc/avr/4.5.1/../../../../avr/lib/avr5/libc.a(exit.o)
                              /usr/local/CrossPack-AVR-20120217/lib/gcc/avr/4.5.1/../../../../avr/lib/avr5/crtm169.o (exit)
/usr/local/CrossPack-AVR-20120217/lib/gcc/avr/4.5.1/../../../../avr/lib/avr5/libc.a(memmove.o)
                              displaymux.o (memmove)
/usr/local/CrossPack-AVR-20120217/lib/gcc/avr/4.5.1/../../../../avr/lib/avr5/libc.a(memcpy.o)
                              /usr/local/CrossPack-AVR-20120217/lib/gcc/avr/4.5.1/../../../../avr/lib/avr5/libc.a(memmove.o) (memcpy)
/usr/local/CrossPack-AVR-20120217/lib/gcc/avr/4.5.1/avr5/libgcc.a(_exit.o)
                              /usr/local/CrossPack-AVR-20120217/lib/gcc/avr/4.5.1/../../../../avr/lib/avr5/libc.a(exit.o) (_exit)
/usr/local/CrossPack-AVR-20120217/lib/gcc/avr/4.5.1/avr5/libgcc.a(_copy_data.o)
                              main.o (__do_copy_data)
/usr/local/CrossPack-AVR-20120217/lib/gcc/avr/4.5.1/avr5/libgcc.a(_clear_bss.o)
                              displaymux.o (__do_clear_bss)

Allocating common symbols
Common symbol       size              file

sensePort           0x2               sense.o
parameter           0x4               cmdproc.o
senseBit            0x2               sense.o
misoBuffer          0x8               spi.o
paramsRemaining     0x1               cmdproc.o
display             0x52              displaymux.o
mosiBuffer          0x8               spi.o
senseState          0x2               sense.o

Memory Configuration

Name             Origin             Length             Attributes
text             0x00000000         0x00020000         xr
data             0x00800060         0x0000ffa0         rw !x
eeprom           0x00810000         0x00010000         rw !x
fuse             0x00820000         0x00000400         rw !x
lock             0x00830000         0x00000400         rw !x
signature        0x00840000         0x00000400         rw !x
*default*        0x00000000         0xffffffff

Linker script and memory map

Address of section .data set to 0x800100
LOAD /usr/local/CrossPack-AVR-20120217/lib/gcc/avr/4.5.1/../../../../avr/lib/avr5/crtm169.o
LOAD main.o
LOAD displaymux.o
LOAD cmdproc.o
LOAD font5x7.o
LOAD spi.o
LOAD sense.o
LOAD /usr/local/CrossPack-AVR-20120217/lib/gcc/avr/4.5.1/../../../../avr/lib/avr5/libc.a
LOAD /usr/local/CrossPack-AVR-20120217/lib/gcc/avr/4.5.1/avr5/libgcc.a
LOAD /usr/local/CrossPack-AVR-20120217/lib/gcc/avr/4.5.1/../../../../avr/lib/avr5/libc.a
LOAD /usr/local/CrossPack-AVR-20120217/lib/gcc/avr/4.5.1/avr5/libgcc.a

.hash
 *(.hash)

.dynsym
 *(.dynsym)

.dynstr
 *(.dynstr)

.gnu.version
 *(.gnu.version)

.gnu.version_d
 *(.gnu.version_d)

.gnu.version_r
 *(.gnu.version_r)

.rel.init
 *(.rel.init)

.rela.init
 *(.rela.init)

.rel.text
 *(.rel.text)
 *(.rel.text.*)
 *(.rel.gnu.linkonce.t*)

.rela.text
 *(.rela.text)
 *(.rela.text.*)
 *(.rela.gnu.linkonce.t*)

.rel.fini
 *(.rel.fini)

.rela.fini
 *(.rela.fini)

.rel.rodata
 *(.rel.rodata)
 *(.rel.rodata.*)
 *(.rel.gnu.linkonce.r*)

.rela.rodata
 *(.rela.rodata)
 *(.rela.rodata.*)
 *(.rela.gnu.linkonce.r*)

.rel.data
 *(.rel.data)
 *(.rel.data.*)
 *(.rel.gnu.linkonce.d*)

.rela.data
 *(.rela.data)
 *(.rela.data.*)
 *(.rela.gnu.linkonce.d*)

.rel.ctors
 *(.rel.ctors)

.rela.ctors
 *(.rela.ctors)

.rel.dtors
 *(.rel.dtors)

.rela.dtors
 *(.rela.dtors)

.rel.got
 *(.rel.got)

.rela.got
 *(.rela.got)

.rel.bss
 *(.rel.bss)

.rela.bss
 *(.rela.bss)

.rel.plt
 *(.rel.plt)

.rela.plt
 *(.rela.plt)

.text           0x00000000     0x18d4
 *(.vectors)
 .vectors       0x00000000       0x5c /usr/local/CrossPack-AVR-20120217/lib/gcc/avr/4.5.1/../../../../avr/lib/avr5/crtm169.o
                0x00000000                __vectors
                0x00000000                __vector_default
 *(.vectors)
 *(.progmem.gcc*)
 *(.progmem*)
 .progmem.data  0x0000005c       0x72 displaymux.o
                0x0000005c                columnCtl
                0x0000007a                rowCtlGreen
                0x000000a4                rowCtlOrange
 .progmem.data  0x000000ce       0x10 cmdproc.o
                0x000000ce                hexTable
 .progmem.data  0x000000de      0x500 font5x7.o
                0x000000de                font5x7
                0x000005de                . = ALIGN (0x2)
                0x000005de                __trampolines_start = .
 *(.trampolines)
 .trampolines   0x000005de        0x0 linker stubs
 *(.trampolines*)
                0x000005de                __trampolines_end = .
 *(.jumptables)
 *(.jumptables*)
 *(.lowtext)
 *(.lowtext*)
                0x000005de                __ctors_start = .
 *(.ctors)
                0x000005de                __ctors_end = .
                0x000005de                __dtors_start = .
 *(.dtors)
                0x000005de                __dtors_end = .
 SORT(*)(.ctors)
 SORT(*)(.dtors)
 *(.init0)
 .init0         0x000005de        0x0 /usr/local/CrossPack-AVR-20120217/lib/gcc/avr/4.5.1/../../../../avr/lib/avr5/crtm169.o
                0x000005de                __init
 *(.init0)
 *(.init1)
 *(.init1)
 *(.init2)
 .init2         0x000005de        0xc /usr/local/CrossPack-AVR-20120217/lib/gcc/avr/4.5.1/../../../../avr/lib/avr5/crtm169.o
 *(.init2)
 *(.init3)
 *(.init3)
 *(.init4)
 .init4         0x000005ea       0x16 /usr/local/CrossPack-AVR-20120217/lib/gcc/avr/4.5.1/avr5/libgcc.a(_copy_data.o)
                0x000005ea                __do_copy_data
 .init4         0x00000600       0x10 /usr/local/CrossPack-AVR-20120217/lib/gcc/avr/4.5.1/avr5/libgcc.a(_clear_bss.o)
                0x00000600                __do_clear_bss
 *(.init4)
 *(.init5)
 *(.init5)
 *(.init6)
 *(.init6)
 *(.init7)
 *(.init7)
 *(.init8)
 *(.init8)
 *(.init9)
 .init9         0x00000610        0x8 /usr/local/CrossPack-AVR-20120217/lib/gcc/avr/4.5.1/../../../../avr/lib/avr5/crtm169.o
 *(.init9)
 *(.text)
 .text          0x00000618        0x4 /usr/local/CrossPack-AVR-20120217/lib/gcc/avr/4.5.1/../../../../avr/lib/avr5/crtm169.o
                0x00000618                __vector_20
                0x00000618                __vector_1
                0x00000618                __bad_interrupt
                0x00000618                __vector_6
                0x00000618                __vector_3
                0x00000618                __vector_11
                0x00000618                __vector_13
                0x00000618                __vector_17
                0x00000618                __vector_19
                0x00000618                __vector_7
                0x00000618                __vector_5
                0x00000618                __vector_4
                0x00000618                __vector_9
                0x00000618                __vector_2
                0x00000618                __vector_21
                0x00000618                __vector_15
                0x00000618                __vector_8
                0x00000618                __vector_14
                0x00000618                __vector_10
                0x00000618                __vector_16
                0x00000618                __vector_18
                0x00000618                __vector_22
 .text          0x0000061c       0xa0 main.o
                0x0000061c                mosiPush
                0x0000063a                main
 .text          0x000006bc      0xdae displaymux.o
                0x00000c20                dm_timerHandler
                0x00000edc                dm_init
                0x00000f78                dm_setChar
                0x00000f9a                dm_setReverse
                0x00000fc0                dm_setFlip
                0x00000fe6                dm_setMirror
                0x0000100c                dm_displayProgrammed
                0x0000105c                dm_blank
                0x0000109c                dm_shift
                0x0000116a                dm_roll
                0x00001238                dm_setPalette
                0x00001254                dm_reset
                0x0000127a                dm_progColumn
                0x000012ac                dm_pixel
                0x0000133c                dm_copyToCustom
                0x00001380                dm_setsense
 .text          0x0000146a      0x36e cmdproc.o
                0x0000146a                cmd_Init
                0x00001478                asciiToHex
                0x000014ba                cmd_dataHandler
 .text          0x000017d8        0x0 font5x7.o
 .text          0x000017d8       0xb8 spi.o
                0x000017d8                __vector_12
                0x0000183e                spi_init
                0x00001872                miso_push
 .text          0x00001890        0x4 sense.o
                0x00001890                sense_get
 .text          0x00001894        0x0 /usr/local/CrossPack-AVR-20120217/lib/gcc/avr/4.5.1/../../../../avr/lib/avr5/libc.a(exit.o)
 .text          0x00001894        0x0 /usr/local/CrossPack-AVR-20120217/lib/gcc/avr/4.5.1/../../../../avr/lib/avr5/libc.a(memmove.o)
 .text          0x00001894        0x0 /usr/local/CrossPack-AVR-20120217/lib/gcc/avr/4.5.1/../../../../avr/lib/avr5/libc.a(memcpy.o)
 .text          0x00001894        0x0 /usr/local/CrossPack-AVR-20120217/lib/gcc/avr/4.5.1/avr5/libgcc.a(_exit.o)
 .text          0x00001894        0x0 /usr/local/CrossPack-AVR-20120217/lib/gcc/avr/4.5.1/avr5/libgcc.a(_copy_data.o)
 .text          0x00001894        0x0 /usr/local/CrossPack-AVR-20120217/lib/gcc/avr/4.5.1/avr5/libgcc.a(_clear_bss.o)
                0x00001894                . = ALIGN (0x2)
 *(.text.*)
 .text.avr-libc
                0x00001894        0x6 /usr/local/CrossPack-AVR-20120217/lib/gcc/avr/4.5.1/../../../../avr/lib/avr5/libc.a(exit.o)
                0x00001894                exit
 .text.avr-libc
                0x0000189a       0x24 /usr/local/CrossPack-AVR-20120217/lib/gcc/avr/4.5.1/../../../../avr/lib/avr5/libc.a(memmove.o)
                0x0000189a                memmove
 .text.avr-libc
                0x000018be       0x12 /usr/local/CrossPack-AVR-20120217/lib/gcc/avr/4.5.1/../../../../avr/lib/avr5/libc.a(memcpy.o)
                0x000018be                memcpy
 .text.libgcc   0x000018d0        0x0 /usr/local/CrossPack-AVR-20120217/lib/gcc/avr/4.5.1/avr5/libgcc.a(_exit.o)
 .text.libgcc   0x000018d0        0x0 /usr/local/CrossPack-AVR-20120217/lib/gcc/avr/4.5.1/avr5/libgcc.a(_copy_data.o)
 .text.libgcc   0x000018d0        0x0 /usr/local/CrossPack-AVR-20120217/lib/gcc/avr/4.5.1/avr5/libgcc.a(_clear_bss.o)
                0x000018d0                . = ALIGN (0x2)
 *(.fini9)
 .fini9         0x000018d0        0x0 /usr/local/CrossPack-AVR-20120217/lib/gcc/avr/4.5.1/avr5/libgcc.a(_exit.o)
                0x000018d0                _exit
 *(.fini9)
 *(.fini8)
 *(.fini8)
 *(.fini7)
 *(.fini7)
 *(.fini6)
 *(.fini6)
 *(.fini5)
 *(.fini5)
 *(.fini4)
 *(.fini4)
 *(.fini3)
 *(.fini3)
 *(.fini2)
 *(.fini2)
 *(.fini1)
 *(.fini1)
 *(.fini0)
 .fini0         0x000018d0        0x4 /usr/local/CrossPack-AVR-20120217/lib/gcc/avr/4.5.1/avr5/libgcc.a(_exit.o)
 *(.fini0)
                0x000018d4                _etext = .

.data           0x00800100        0x8 load address 0x000018d4
                0x00800100                PROVIDE (__data_start, .)
 *(.data)
 .data          0x00800100        0x0 /usr/local/CrossPack-AVR-20120217/lib/gcc/avr/4.5.1/../../../../avr/lib/avr5/crtm169.o
 .data          0x00800100        0x1 main.o
                0x00800100                disploop
 .data          0x00800101        0x7 displaymux.o
 .data          0x00800108        0x0 cmdproc.o
 .data          0x00800108        0x0 font5x7.o
 .data          0x00800108        0x0 spi.o
 .data          0x00800108        0x0 sense.o
 .data          0x00800108        0x0 /usr/local/CrossPack-AVR-20120217/lib/gcc/avr/4.5.1/../../../../avr/lib/avr5/libc.a(exit.o)
 .data          0x00800108        0x0 /usr/local/CrossPack-AVR-20120217/lib/gcc/avr/4.5.1/../../../../avr/lib/avr5/libc.a(memmove.o)
 .data          0x00800108        0x0 /usr/local/CrossPack-AVR-20120217/lib/gcc/avr/4.5.1/../../../../avr/lib/avr5/libc.a(memcpy.o)
 .data          0x00800108        0x0 /usr/local/CrossPack-AVR-20120217/lib/gcc/avr/4.5.1/avr5/libgcc.a(_exit.o)
 .data          0x00800108        0x0 /usr/local/CrossPack-AVR-20120217/lib/gcc/avr/4.5.1/avr5/libgcc.a(_copy_data.o)
 .data          0x00800108        0x0 /usr/local/CrossPack-AVR-20120217/lib/gcc/avr/4.5.1/avr5/libgcc.a(_clear_bss.o)
 *(.data*)
 *(.rodata)
 *(.rodata*)
 *(.gnu.linkonce.d*)
                0x00800108                . = ALIGN (0x2)
                0x00800108                _edata = .
                0x00800108                PROVIDE (__data_end, .)

.bss            0x00800108       0x75
                0x00800108                PROVIDE (__bss_start, .)
 *(.bss)
 .bss           0x00800108        0x0 /usr/local/CrossPack-AVR-20120217/lib/gcc/avr/4.5.1/../../../../avr/lib/avr5/crtm169.o
 .bss           0x00800108        0x0 main.o
 .bss           0x00800108        0x0 displaymux.o
 .bss           0x00800108        0x2 cmdproc.o
                0x00800108                command
                0x00800109                paramIndex
 .bss           0x0080010a        0x0 font5x7.o
 .bss           0x0080010a        0x5 spi.o
                0x0080010a                mosiHead
                0x0080010b                mosiTail
                0x0080010c                misoHead
                0x0080010d                misoTail
                0x0080010e                spiEvent
 .bss           0x0080010f        0x1 sense.o
                0x0080010f                count
 .bss           0x00800110        0x0 /usr/local/CrossPack-AVR-20120217/lib/gcc/avr/4.5.1/../../../../avr/lib/avr5/libc.a(exit.o)
 .bss           0x00800110        0x0 /usr/local/CrossPack-AVR-20120217/lib/gcc/avr/4.5.1/../../../../avr/lib/avr5/libc.a(memmove.o)
 .bss           0x00800110        0x0 /usr/local/CrossPack-AVR-20120217/lib/gcc/avr/4.5.1/../../../../avr/lib/avr5/libc.a(memcpy.o)
 .bss           0x00800110        0x0 /usr/local/CrossPack-AVR-20120217/lib/gcc/avr/4.5.1/avr5/libgcc.a(_exit.o)
 .bss           0x00800110        0x0 /usr/local/CrossPack-AVR-20120217/lib/gcc/avr/4.5.1/avr5/libgcc.a(_copy_data.o)
 .bss           0x00800110        0x0 /usr/local/CrossPack-AVR-20120217/lib/gcc/avr/4.5.1/avr5/libgcc.a(_clear_bss.o)
 *(.bss*)
 *(COMMON)
 COMMON         0x00800110       0x52 displaymux.o
                0x00800110                display
 COMMON         0x00800162        0x5 cmdproc.o
                0x00800162                parameter
                0x00800166                paramsRemaining
 COMMON         0x00800167       0x10 spi.o
                0x00800167                misoBuffer
                0x0080016f                mosiBuffer
 COMMON         0x00800177        0x6 sense.o
                0x00800177                sensePort
                0x00800179                senseBit
                0x0080017b                senseState
                0x0080017d                PROVIDE (__bss_end, .)
                0x000018d4                __data_load_start = LOADADDR (.data)
                0x000018dc                __data_load_end = (__data_load_start + SIZEOF (.data))

.noinit         0x0080017d        0x0
                0x0080017d                PROVIDE (__noinit_start, .)
 *(.noinit*)
                0x0080017d                PROVIDE (__noinit_end, .)
                0x0080017d                _end = .
                0x0080017d                PROVIDE (__heap_start, .)

.eeprom         0x00810000        0x0
 *(.eeprom*)
                0x00810000                __eeprom_end = .

.fuse
 *(.fuse)
 *(.lfuse)
 *(.hfuse)
 *(.efuse)

.lock
 *(.lock*)

.signature
 *(.signature*)

.stab           0x00000000      0x864
 *(.stab)
 .stab          0x00000000      0x6cc /usr/local/CrossPack-AVR-20120217/lib/gcc/avr/4.5.1/../../../../avr/lib/avr5/crtm169.o
 .stab          0x000006cc       0x30 /usr/local/CrossPack-AVR-20120217/lib/gcc/avr/4.5.1/../../../../avr/lib/avr5/libc.a(exit.o)
                                 0x3c (size before relaxing)
 .stab          0x000006fc       0xe4 /usr/local/CrossPack-AVR-20120217/lib/gcc/avr/4.5.1/../../../../avr/lib/avr5/libc.a(memmove.o)
                                 0xf0 (size before relaxing)
 .stab          0x000007e0       0x84 /usr/local/CrossPack-AVR-20120217/lib/gcc/avr/4.5.1/../../../../avr/lib/avr5/libc.a(memcpy.o)
                                 0x90 (size before relaxing)

.stabstr        0x00000000      0x191
 *(.stabstr)
 .stabstr       0x00000000      0x191 /usr/local/CrossPack-AVR-20120217/lib/gcc/avr/4.5.1/../../../../avr/lib/avr5/crtm169.o

.stab.excl
 *(.stab.excl)

.stab.exclstr
 *(.stab.exclstr)

.stab.index
 *(.stab.index)

.stab.indexstr
 *(.stab.indexstr)

.comment
 *(.comment)

.debug
 *(.debug)

.line
 *(.line)

.debug_srcinfo
 *(.debug_srcinfo)

.debug_sfnames
 *(.debug_sfnames)

.debug_aranges  0x00000000       0xa0
 *(.debug_aranges)
 .debug_aranges
                0x00000000       0x20 main.o
 .debug_aranges
                0x00000020       0x20 displaymux.o
 .debug_aranges
                0x00000040       0x20 cmdproc.o
 .debug_aranges
                0x00000060       0x20 spi.o
 .debug_aranges
                0x00000080       0x20 sense.o

.debug_pubnames
                0x00000000      0x31e
 *(.debug_pubnames)
 .debug_pubnames
                0x00000000       0x35 main.o
 .debug_pubnames
                0x00000035      0x14f displaymux.o
 .debug_pubnames
                0x00000184       0x8c cmdproc.o
 .debug_pubnames
                0x00000210       0x1e font5x7.o
 .debug_pubnames
                0x0000022e       0x9c spi.o
 .debug_pubnames
                0x000002ca       0x54 sense.o

.debug_info     0x00000000     0x1904
 *(.debug_info)
 .debug_info    0x00000000      0x1a9 main.o
 .debug_info    0x000001a9     0x1128 displaymux.o
 .debug_info    0x000012d1      0x2d2 cmdproc.o
 .debug_info    0x000015a3       0x86 font5x7.o
 .debug_info    0x00001629      0x1d0 spi.o
 .debug_info    0x000017f9      0x10b sense.o
 *(.gnu.linkonce.wi.*)

.debug_abbrev   0x00000000      0x61a
 *(.debug_abbrev)
 .debug_abbrev  0x00000000       0xe5 main.o
 .debug_abbrev  0x000000e5      0x263 displaymux.o
 .debug_abbrev  0x00000348      0x12a cmdproc.o
 .debug_abbrev  0x00000472       0x54 font5x7.o
 .debug_abbrev  0x000004c6       0xc9 spi.o
 .debug_abbrev  0x0000058f       0x8b sense.o

.debug_line     0x00000000     0x133e
 *(.debug_line)
 .debug_line    0x00000000      0x181 main.o
 .debug_line    0x00000181      0xc3c displaymux.o
 .debug_line    0x00000dbd      0x351 cmdproc.o
 .debug_line    0x0000110e       0x4b font5x7.o
 .debug_line    0x00001159      0x17e spi.o
 .debug_line    0x000012d7       0x67 sense.o

.debug_frame    0x00000000      0x230
 *(.debug_frame)
 .debug_frame   0x00000000       0x30 main.o
 .debug_frame   0x00000030      0x160 displaymux.o
 .debug_frame   0x00000190       0x40 cmdproc.o
 .debug_frame   0x000001d0       0x40 spi.o
 .debug_frame   0x00000210       0x20 sense.o

.debug_str      0x00000000      0x546
 *(.debug_str)
 .debug_str     0x00000000       0xf8 main.o
                                0x131 (size before relaxing)
 .debug_str     0x000000f8      0x35e displaymux.o
                                0x45e (size before relaxing)
 .debug_str     0x00000456       0x70 cmdproc.o
                                0x18d (size before relaxing)
 .debug_str     0x000004c6        0xa font5x7.o
                                 0xb1 (size before relaxing)
 .debug_str     0x000004d0       0x48 spi.o
                                0x13c (size before relaxing)
 .debug_str     0x00000518       0x2e sense.o
                                0x10e (size before relaxing)

.debug_loc      0x00000000     0x152d
 *(.debug_loc)
 .debug_loc     0x00000000       0x69 main.o
 .debug_loc     0x00000069     0x1141 displaymux.o
 .debug_loc     0x000011aa      0x364 cmdproc.o
 .debug_loc     0x0000150e       0x1f spi.o

.debug_macinfo
 *(.debug_macinfo)
OUTPUT(LMDriver.out elf32-avr)
LOAD linker stubs

.debug_pubtypes
                0x00000000      0x10e
 .debug_pubtypes
                0x00000000       0x33 main.o
 .debug_pubtypes
                0x00000033       0x4c displaymux.o
 .debug_pubtypes
                0x0000007f       0x33 cmdproc.o
 .debug_pubtypes
                0x000000b2       0x12 font5x7.o
 .debug_pubtypes
                0x000000c4       0x26 spi.o
 .debug_pubtypes
                0x000000ea       0x24 sense.o

.debug_ranges   0x00000000      0x198
 .debug_ranges  0x00000000      0x198 displaymux.o
