Archive member included to satisfy reference by file (symbol)

esp-idf/main/libmain.a(bootloader_start.c.obj)
                              (call_start_cpu)
esp-idf/bootloader_support/libbootloader_support.a(bootloader_init.c.obj)
                              esp-idf/main/libmain.a(bootloader_start.c.obj) (bootloader_init)
esp-idf/bootloader_support/libbootloader_support.a(bootloader_flash.c.obj)
                              esp-idf/bootloader_support/libbootloader_support.a(bootloader_init.c.obj) (bootloader_flash_read)
esp-idf/bootloader_support/libbootloader_support.a(bootloader_utility.c.obj)
                              esp-idf/main/libmain.a(bootloader_start.c.obj) (bootloader_utility_load_partition_table)
esp-idf/bootloader_support/libbootloader_support.a(esp_image_format.c.obj)
                              esp-idf/bootloader_support/libbootloader_support.a(bootloader_utility.c.obj) (esp_image_load)
esp-idf/bootloader_support/libbootloader_support.a(bootloader_common.c.obj)
                              esp-idf/bootloader_support/libbootloader_support.a(bootloader_utility.c.obj) (bootloader_common_ota_select_valid)
esp-idf/bootloader_support/libbootloader_support.a(flash_partitions.c.obj)
                              esp-idf/bootloader_support/libbootloader_support.a(bootloader_utility.c.obj) (esp_partition_table_basic_verify)
esp-idf/spi_flash/libspi_flash.a(spi_flash.c.obj)
                              esp-idf/bootloader_support/libbootloader_support.a(flash_partitions.c.obj) (g_rom_flashchip)
esp-idf/spi_flash/libspi_flash.a(spi_flash_raw.c.obj)
                              esp-idf/spi_flash/libspi_flash.a(spi_flash.c.obj) (spi_flash_get_id_raw)
esp-idf/util/libutil.a(crc.c.obj)
                              esp-idf/bootloader_support/libbootloader_support.a(bootloader_common.c.obj) (crc32_le)
esp-idf/log/liblog.a(log.c.obj)
                              esp-idf/bootloader_support/libbootloader_support.a(bootloader_common.c.obj) (esp_log_early_timestamp)
esp-idf/esp8266/libesp8266.a(ets_printf.c.obj)
                              esp-idf/log/liblog.a(log.c.obj) (ets_vprintf)
/tools/ESP8266_RTOS_SDK/components/esp8266/lib/libcore.a(phy.o)
                              esp-idf/bootloader_support/libbootloader_support.a(bootloader_init.c.obj) (phy_reg_default)
/tools/ESP8266_RTOS_SDK/components/esp8266/lib/libcore.a(uart.o)
                              esp-idf/bootloader_support/libbootloader_support.a(bootloader_init.c.obj) (uart_div_modify)

Allocating common symbols
Common symbol       size              file

esp_image_spi_freq_t
                    0x4               esp-idf/main/libmain.a(bootloader_start.c.obj)

Discarded input sections

 .text          0x0000000000000000        0x0 CMakeFiles/bootloader.elf.dir/project_elf_src.c.obj
 .data          0x0000000000000000        0x0 CMakeFiles/bootloader.elf.dir/project_elf_src.c.obj
 .bss           0x0000000000000000        0x0 CMakeFiles/bootloader.elf.dir/project_elf_src.c.obj
 .text          0x0000000000000000        0x0 esp-idf/main/libmain.a(bootloader_start.c.obj)
 .data          0x0000000000000000        0x0 esp-idf/main/libmain.a(bootloader_start.c.obj)
 .bss           0x0000000000000000        0x0 esp-idf/main/libmain.a(bootloader_start.c.obj)
 .xt.lit        0x0000000000000000       0x18 esp-idf/main/libmain.a(bootloader_start.c.obj)
 .xt.prop       0x0000000000000000       0xe4 esp-idf/main/libmain.a(bootloader_start.c.obj)
 COMMON         0x0000000000000000        0x4 esp-idf/main/libmain.a(bootloader_start.c.obj)
 .text          0x0000000000000000        0x0 esp-idf/bootloader_support/libbootloader_support.a(bootloader_init.c.obj)
 .data          0x0000000000000000        0x0 esp-idf/bootloader_support/libbootloader_support.a(bootloader_init.c.obj)
 .bss           0x0000000000000000        0x0 esp-idf/bootloader_support/libbootloader_support.a(bootloader_init.c.obj)
 .xt.lit        0x0000000000000000       0x28 esp-idf/bootloader_support/libbootloader_support.a(bootloader_init.c.obj)
 .xt.prop       0x0000000000000000      0x258 esp-idf/bootloader_support/libbootloader_support.a(bootloader_init.c.obj)
 .literal.bootloader_flash_write
                0x0000000000000000       0x28 esp-idf/bootloader_support/libbootloader_support.a(bootloader_flash.c.obj)
 .literal.bootloader_flash_erase_sector
                0x0000000000000000        0x4 esp-idf/bootloader_support/libbootloader_support.a(bootloader_flash.c.obj)
 .text          0x0000000000000000        0x0 esp-idf/bootloader_support/libbootloader_support.a(bootloader_flash.c.obj)
 .data          0x0000000000000000        0x0 esp-idf/bootloader_support/libbootloader_support.a(bootloader_flash.c.obj)
 .bss           0x0000000000000000        0x0 esp-idf/bootloader_support/libbootloader_support.a(bootloader_flash.c.obj)
 .text.bootloader_flash_write
                0x0000000000000000       0x9d esp-idf/bootloader_support/libbootloader_support.a(bootloader_flash.c.obj)
 .text.bootloader_flash_erase_sector
                0x0000000000000000       0x15 esp-idf/bootloader_support/libbootloader_support.a(bootloader_flash.c.obj)
 .xt.lit        0x0000000000000000       0x30 esp-idf/bootloader_support/libbootloader_support.a(bootloader_flash.c.obj)
 .xt.prop       0x0000000000000000      0x204 esp-idf/bootloader_support/libbootloader_support.a(bootloader_flash.c.obj)
 .text          0x0000000000000000        0x0 esp-idf/bootloader_support/libbootloader_support.a(bootloader_utility.c.obj)
 .data          0x0000000000000000        0x0 esp-idf/bootloader_support/libbootloader_support.a(bootloader_utility.c.obj)
 .bss           0x0000000000000000        0x0 esp-idf/bootloader_support/libbootloader_support.a(bootloader_utility.c.obj)
 .xt.lit        0x0000000000000000       0x30 esp-idf/bootloader_support/libbootloader_support.a(bootloader_utility.c.obj)
 .xt.prop       0x0000000000000000      0x504 esp-idf/bootloader_support/libbootloader_support.a(bootloader_utility.c.obj)
 .literal.esp_image_verify_bootloader
                0x0000000000000000        0x8 esp-idf/bootloader_support/libbootloader_support.a(esp_image_format.c.obj)
 .text          0x0000000000000000        0x0 esp-idf/bootloader_support/libbootloader_support.a(esp_image_format.c.obj)
 .data          0x0000000000000000        0x0 esp-idf/bootloader_support/libbootloader_support.a(esp_image_format.c.obj)
 .bss           0x0000000000000000        0x0 esp-idf/bootloader_support/libbootloader_support.a(esp_image_format.c.obj)
 .text.esp_image_verify_bootloader
                0x0000000000000000       0x41 esp-idf/bootloader_support/libbootloader_support.a(esp_image_format.c.obj)
 .xt.lit        0x0000000000000000       0x30 esp-idf/bootloader_support/libbootloader_support.a(esp_image_format.c.obj)
 .xt.prop       0x0000000000000000      0x3d8 esp-idf/bootloader_support/libbootloader_support.a(esp_image_format.c.obj)
 .literal.bootloader_common_check_long_hold_gpio
                0x0000000000000000       0x58 esp-idf/bootloader_support/libbootloader_support.a(bootloader_common.c.obj)
 .text          0x0000000000000000        0x0 esp-idf/bootloader_support/libbootloader_support.a(bootloader_common.c.obj)
 .data          0x0000000000000000        0x0 esp-idf/bootloader_support/libbootloader_support.a(bootloader_common.c.obj)
 .bss           0x0000000000000000        0x0 esp-idf/bootloader_support/libbootloader_support.a(bootloader_common.c.obj)
 .text.bootloader_common_check_long_hold_gpio
                0x0000000000000000      0x22c esp-idf/bootloader_support/libbootloader_support.a(bootloader_common.c.obj)
 .xt.lit        0x0000000000000000       0x18 esp-idf/bootloader_support/libbootloader_support.a(bootloader_common.c.obj)
 .xt.prop       0x0000000000000000      0x420 esp-idf/bootloader_support/libbootloader_support.a(bootloader_common.c.obj)
 .text          0x0000000000000000        0x0 esp-idf/bootloader_support/libbootloader_support.a(flash_partitions.c.obj)
 .data          0x0000000000000000        0x0 esp-idf/bootloader_support/libbootloader_support.a(flash_partitions.c.obj)
 .bss           0x0000000000000000        0x0 esp-idf/bootloader_support/libbootloader_support.a(flash_partitions.c.obj)
 .xt.lit        0x0000000000000000        0x8 esp-idf/bootloader_support/libbootloader_support.a(flash_partitions.c.obj)
 .xt.prop       0x0000000000000000       0xfc esp-idf/bootloader_support/libbootloader_support.a(flash_partitions.c.obj)
 .literal.spi_flash_program
                0x0000000000000000       0x20 esp-idf/spi_flash/libspi_flash.a(spi_flash.c.obj)
 .literal.__spi_flash_write
                0x0000000000000000        0x8 esp-idf/spi_flash/libspi_flash.a(spi_flash.c.obj)
 .literal.__spi_flash_read
                0x0000000000000000       0x10 esp-idf/spi_flash/libspi_flash.a(spi_flash.c.obj)
 .literal.spi_flash_write_status
                0x0000000000000000        0xc esp-idf/spi_flash/libspi_flash.a(spi_flash.c.obj)
 .literal.spi_flash_check_wr_protect
                0x0000000000000000       0x4c esp-idf/spi_flash/libspi_flash.a(spi_flash.c.obj)
 .literal.spi_flash_erase_sector
                0x0000000000000000       0x18 esp-idf/spi_flash/libspi_flash.a(spi_flash.c.obj)
 .literal.spi_flash_read
                0x0000000000000000       0x24 esp-idf/spi_flash/libspi_flash.a(spi_flash.c.obj)
 .literal.spi_flash_write
                0x0000000000000000       0x3c esp-idf/spi_flash/libspi_flash.a(spi_flash.c.obj)
 .literal.spi_flash_erase_range
                0x0000000000000000       0x10 esp-idf/spi_flash/libspi_flash.a(spi_flash.c.obj)
 .literal.spi_flash_cache2phys
                0x0000000000000000       0x14 esp-idf/spi_flash/libspi_flash.a(spi_flash.c.obj)
 .literal.spi_flash_get_chip_size
                0x0000000000000000        0x4 esp-idf/spi_flash/libspi_flash.a(spi_flash.c.obj)
 .text          0x0000000000000000        0x0 esp-idf/spi_flash/libspi_flash.a(spi_flash.c.obj)
 .data          0x0000000000000000        0x0 esp-idf/spi_flash/libspi_flash.a(spi_flash.c.obj)
 .bss           0x0000000000000000        0x0 esp-idf/spi_flash/libspi_flash.a(spi_flash.c.obj)
 .text.spi_flash_program
                0x0000000000000000       0xcb esp-idf/spi_flash/libspi_flash.a(spi_flash.c.obj)
 .text.__spi_flash_write
                0x0000000000000000       0x23 esp-idf/spi_flash/libspi_flash.a(spi_flash.c.obj)
 .text.__spi_flash_read
                0x0000000000000000       0x31 esp-idf/spi_flash/libspi_flash.a(spi_flash.c.obj)
 .text.spi_flash_write_status
                0x0000000000000000       0x2a esp-idf/spi_flash/libspi_flash.a(spi_flash.c.obj)
 .text.spi_flash_check_wr_protect
                0x0000000000000000      0x161 esp-idf/spi_flash/libspi_flash.a(spi_flash.c.obj)
 .text.spi_flash_erase_sector
                0x0000000000000000       0x56 esp-idf/spi_flash/libspi_flash.a(spi_flash.c.obj)
 .text.spi_flash_read
                0x0000000000000000      0x110 esp-idf/spi_flash/libspi_flash.a(spi_flash.c.obj)
 .text.spi_flash_write
                0x0000000000000000      0x170 esp-idf/spi_flash/libspi_flash.a(spi_flash.c.obj)
 .text.spi_flash_erase_range
                0x0000000000000000       0x6d esp-idf/spi_flash/libspi_flash.a(spi_flash.c.obj)
 .text.spi_flash_cache2phys
                0x0000000000000000       0x48 esp-idf/spi_flash/libspi_flash.a(spi_flash.c.obj)
 .text.spi_flash_get_chip_size
                0x0000000000000000        0x7 esp-idf/spi_flash/libspi_flash.a(spi_flash.c.obj)
 .xt.lit        0x0000000000000000       0xd0 esp-idf/spi_flash/libspi_flash.a(spi_flash.c.obj)
 .xt.prop       0x0000000000000000      0xbdc esp-idf/spi_flash/libspi_flash.a(spi_flash.c.obj)
 .literal.spi_flash_write_status_raw
                0x0000000000000000       0x1c esp-idf/spi_flash/libspi_flash.a(spi_flash_raw.c.obj)
 .literal.spi_flash_erase_sector_raw
                0x0000000000000000       0x14 esp-idf/spi_flash/libspi_flash.a(spi_flash_raw.c.obj)
 .literal.spi_flash_write_raw
                0x0000000000000000        0xc esp-idf/spi_flash/libspi_flash.a(spi_flash_raw.c.obj)
 .literal.spi_flash_read_raw
                0x0000000000000000        0xc esp-idf/spi_flash/libspi_flash.a(spi_flash_raw.c.obj)
 .text          0x0000000000000000        0x0 esp-idf/spi_flash/libspi_flash.a(spi_flash_raw.c.obj)
 .data          0x0000000000000000        0x0 esp-idf/spi_flash/libspi_flash.a(spi_flash_raw.c.obj)
 .bss           0x0000000000000000        0x0 esp-idf/spi_flash/libspi_flash.a(spi_flash_raw.c.obj)
 .text.spi_flash_write_status_raw
                0x0000000000000000       0x5c esp-idf/spi_flash/libspi_flash.a(spi_flash_raw.c.obj)
 .text.spi_flash_erase_sector_raw
                0x0000000000000000       0x54 esp-idf/spi_flash/libspi_flash.a(spi_flash_raw.c.obj)
 .text.spi_flash_write_raw
                0x0000000000000000       0x43 esp-idf/spi_flash/libspi_flash.a(spi_flash_raw.c.obj)
 .text.spi_flash_read_raw
                0x0000000000000000       0x43 esp-idf/spi_flash/libspi_flash.a(spi_flash_raw.c.obj)
 .xt.lit        0x0000000000000000       0x58 esp-idf/spi_flash/libspi_flash.a(spi_flash_raw.c.obj)
 .xt.prop       0x0000000000000000      0x360 esp-idf/spi_flash/libspi_flash.a(spi_flash_raw.c.obj)
 .literal.crc16_le
                0x0000000000000000        0x4 esp-idf/util/libutil.a(crc.c.obj)
 .literal.esp_crc8
                0x0000000000000000        0x4 esp-idf/util/libutil.a(crc.c.obj)
 .text          0x0000000000000000        0x0 esp-idf/util/libutil.a(crc.c.obj)
 .data          0x0000000000000000        0x0 esp-idf/util/libutil.a(crc.c.obj)
 .bss           0x0000000000000000        0x0 esp-idf/util/libutil.a(crc.c.obj)
 .text.crc16_le
                0x0000000000000000       0x39 esp-idf/util/libutil.a(crc.c.obj)
 .text.esp_crc8
                0x0000000000000000       0x21 esp-idf/util/libutil.a(crc.c.obj)
 .rodata.crc8_le_table
                0x0000000000000000      0x100 esp-idf/util/libutil.a(crc.c.obj)
 .rodata.crc16_le_table
                0x0000000000000000      0x200 esp-idf/util/libutil.a(crc.c.obj)
 .xt.lit        0x0000000000000000       0x18 esp-idf/util/libutil.a(crc.c.obj)
 .xt.prop       0x0000000000000000       0xfc esp-idf/util/libutil.a(crc.c.obj)
 .text          0x0000000000000000        0x0 esp-idf/log/liblog.a(log.c.obj)
 .data          0x0000000000000000        0x0 esp-idf/log/liblog.a(log.c.obj)
 .bss           0x0000000000000000        0x0 esp-idf/log/liblog.a(log.c.obj)
 .xt.lit        0x0000000000000000       0x10 esp-idf/log/liblog.a(log.c.obj)
 .xt.prop       0x0000000000000000       0xcc esp-idf/log/liblog.a(log.c.obj)
 .text          0x0000000000000000        0x0 esp-idf/esp8266/libesp8266.a(ets_printf.c.obj)
 .data          0x0000000000000000        0x0 esp-idf/esp8266/libesp8266.a(ets_printf.c.obj)
 .bss           0x0000000000000000        0x0 esp-idf/esp8266/libesp8266.a(ets_printf.c.obj)
 .xt.lit        0x0000000000000000       0x20 esp-idf/esp8266/libesp8266.a(ets_printf.c.obj)
 .xt.prop       0x0000000000000000       0xcc esp-idf/esp8266/libesp8266.a(ets_printf.c.obj)
 .literal.phy_reg_default
                0x0000000000000000        0x0 /tools/ESP8266_RTOS_SDK/components/esp8266/lib/libcore.a(phy.o)
 .text          0x0000000000000000        0x0 /tools/ESP8266_RTOS_SDK/components/esp8266/lib/libcore.a(phy.o)
 .data          0x0000000000000000        0x0 /tools/ESP8266_RTOS_SDK/components/esp8266/lib/libcore.a(phy.o)
 .bss           0x0000000000000000        0x0 /tools/ESP8266_RTOS_SDK/components/esp8266/lib/libcore.a(phy.o)
 .xt.lit        0x0000000000000000        0x8 /tools/ESP8266_RTOS_SDK/components/esp8266/lib/libcore.a(phy.o)
 .xt.prop       0x0000000000000000       0x48 /tools/ESP8266_RTOS_SDK/components/esp8266/lib/libcore.a(phy.o)
 .literal.uart_buff_switch
                0x0000000000000000        0x0 /tools/ESP8266_RTOS_SDK/components/esp8266/lib/libcore.a(uart.o)
 .literal.uart_div_modify
                0x0000000000000000        0x0 /tools/ESP8266_RTOS_SDK/components/esp8266/lib/libcore.a(uart.o)
 .literal.Uart_Init
                0x0000000000000000        0x0 /tools/ESP8266_RTOS_SDK/components/esp8266/lib/libcore.a(uart.o)
 .text          0x0000000000000000        0x0 /tools/ESP8266_RTOS_SDK/components/esp8266/lib/libcore.a(uart.o)
 .data          0x0000000000000000        0x0 /tools/ESP8266_RTOS_SDK/components/esp8266/lib/libcore.a(uart.o)
 .bss           0x0000000000000000        0x0 /tools/ESP8266_RTOS_SDK/components/esp8266/lib/libcore.a(uart.o)
 .text.uart_buff_switch
                0x0000000000000000        0x2 /tools/ESP8266_RTOS_SDK/components/esp8266/lib/libcore.a(uart.o)
 .text.Uart_Init
                0x0000000000000000        0x2 /tools/ESP8266_RTOS_SDK/components/esp8266/lib/libcore.a(uart.o)
 .xt.lit        0x0000000000000000        0x8 /tools/ESP8266_RTOS_SDK/components/esp8266/lib/libcore.a(uart.o)
 .xt.prop       0x0000000000000000       0x78 /tools/ESP8266_RTOS_SDK/components/esp8266/lib/libcore.a(uart.o)

Memory Configuration

Name             Origin             Length             Attributes
dport0_seg       0x000000003ff00000 0x0000000000000010
dram_seg         0x000000003ffe8000 0x0000000000017c00
iram_seg         0x0000000040100000 0x0000000000008000
*default*        0x0000000000000000 0xffffffffffffffff

Linker script and memory map

LOAD CMakeFiles/bootloader.elf.dir/project_elf_src.c.obj
LOAD esp-idf/esp8266/libesp8266.a
LOAD esp-idf/log/liblog.a
LOAD esp-idf/util/libutil.a
LOAD esp-idf/bootloader_support/libbootloader_support.a
LOAD esp-idf/spi_flash/libspi_flash.a
LOAD esp-idf/main/libmain.a
START GROUP
LOAD esp-idf/spi_flash/libspi_flash.a
LOAD esp-idf/bootloader_support/libbootloader_support.a
LOAD esp-idf/spi_flash/libspi_flash.a
LOAD esp-idf/bootloader_support/libbootloader_support.a
LOAD esp-idf/util/libutil.a
LOAD esp-idf/log/liblog.a
LOAD esp-idf/esp8266/libesp8266.a
LOAD esp-idf/log/liblog.a
LOAD esp-idf/esp8266/libesp8266.a
LOAD /tools/ESP8266_RTOS_SDK/components/esp8266/lib/libcore.a

.text           0x0000000040100000     0x1b02
                0x0000000040100000                _stext = .
                0x0000000040100000                _text_start = ABSOLUTE (.)
                0x0000000040100000                . = ALIGN (0x10)
 *(.entry.text)
 *(.init.literal)
 *(.init)
 *(.literal .text .literal.* .text.* .stub .gnu.warning .gnu.linkonce.literal.* .gnu.linkonce.t.*.literal .gnu.linkonce.t.*)
 .literal.selected_boot_partition
                0x0000000040100000        0x0 esp-idf/main/libmain.a(bootloader_start.c.obj)
                                          0x4 (size before relaxing)
 .literal.select_image
                0x0000000040100000        0xc esp-idf/main/libmain.a(bootloader_start.c.obj)
                                         0x1c (size before relaxing)
 .literal.call_start_cpu
                0x000000004010000c        0x0 esp-idf/main/libmain.a(bootloader_start.c.obj)
                                          0xc (size before relaxing)
 .literal.print_flash_info
                0x000000004010000c       0x48 esp-idf/bootloader_support/libbootloader_support.a(bootloader_init.c.obj)
                                         0x54 (size before relaxing)
 .literal.uart_console_configure
                0x0000000040100054        0x0 esp-idf/bootloader_support/libbootloader_support.a(bootloader_init.c.obj)
                                          0x4 (size before relaxing)
 .literal.update_flash_config
                0x0000000040100054        0x4 esp-idf/bootloader_support/libbootloader_support.a(bootloader_init.c.obj)
                                          0x8 (size before relaxing)
 .literal.bootloader_main
                0x0000000040100058       0x10 esp-idf/bootloader_support/libbootloader_support.a(bootloader_init.c.obj)
                                         0x34 (size before relaxing)
 .literal.bootloader_init
                0x0000000040100068        0x8 esp-idf/bootloader_support/libbootloader_support.a(bootloader_init.c.obj)
                                         0x10 (size before relaxing)
 .literal.bootloader_flash_read_no_decrypt
                0x0000000040100070        0x4 esp-idf/bootloader_support/libbootloader_support.a(bootloader_flash.c.obj)
 .literal.bootloader_mmap
                0x0000000040100074       0x1c esp-idf/bootloader_support/libbootloader_support.a(bootloader_flash.c.obj)
                                         0x28 (size before relaxing)
 .literal.bootloader_munmap
                0x0000000040100090        0x0 esp-idf/bootloader_support/libbootloader_support.a(bootloader_flash.c.obj)
                                          0x8 (size before relaxing)
 .literal.bootloader_flash_read
                0x0000000040100090        0xc esp-idf/bootloader_support/libbootloader_support.a(bootloader_flash.c.obj)
                                         0x20 (size before relaxing)
 .literal.log_invalid_app_partition
                0x000000004010009c       0x14 esp-idf/bootloader_support/libbootloader_support.a(bootloader_utility.c.obj)
                                         0x20 (size before relaxing)
 .literal.try_load_partition
                0x00000000401000b0        0x4 esp-idf/bootloader_support/libbootloader_support.a(bootloader_utility.c.obj)
                                         0x10 (size before relaxing)
 .literal.bootloader_utility_load_partition_table
                0x00000000401000b4       0x4c esp-idf/bootloader_support/libbootloader_support.a(bootloader_utility.c.obj)
                                         0x74 (size before relaxing)
 .literal.bootloader_utility_get_selected_boot_partition
                0x0000000040100100       0x1c esp-idf/bootloader_support/libbootloader_support.a(bootloader_utility.c.obj)
                                         0x5c (size before relaxing)
 .literal.bootloader_utility_load_boot_image
                0x000000004010011c        0xc esp-idf/bootloader_support/libbootloader_support.a(bootloader_utility.c.obj)
                                         0x40 (size before relaxing)
 .literal.bootloader_utility_load_image
                0x0000000040100128        0x8 esp-idf/bootloader_support/libbootloader_support.a(bootloader_utility.c.obj)
                                         0x1c (size before relaxing)
 .literal.should_map
                0x0000000040100130        0x4 esp-idf/bootloader_support/libbootloader_support.a(esp_image_format.c.obj)
                                          0x8 (size before relaxing)
 .literal.should_load
                0x0000000040100134        0x0 esp-idf/bootloader_support/libbootloader_support.a(esp_image_format.c.obj)
                                          0x4 (size before relaxing)
 .literal.verify_image_header
                0x0000000040100134       0x14 esp-idf/bootloader_support/libbootloader_support.a(esp_image_format.c.obj)
                                         0x20 (size before relaxing)
 .literal.process_segment
                0x0000000040100148       0x18 esp-idf/bootloader_support/libbootloader_support.a(esp_image_format.c.obj)
                                         0x40 (size before relaxing)
 .literal.esp_image_load
                0x0000000040100160       0x14 esp-idf/bootloader_support/libbootloader_support.a(esp_image_format.c.obj)
                                         0x44 (size before relaxing)
 .literal.bootloader_common_ota_select_crc
                0x0000000040100174        0x0 esp-idf/bootloader_support/libbootloader_support.a(bootloader_common.c.obj)
                                          0x4 (size before relaxing)
 .literal.bootloader_common_ota_select_valid
                0x0000000040100174        0x0 esp-idf/bootloader_support/libbootloader_support.a(bootloader_common.c.obj)
                                          0x4 (size before relaxing)
 .literal.esp_partition_table_basic_verify
                0x0000000040100174       0x1c esp-idf/bootloader_support/libbootloader_support.a(flash_partitions.c.obj)
                                         0x2c (size before relaxing)
 .literal.spi_user_cmd
                0x0000000040100190        0x4 esp-idf/spi_flash/libspi_flash.a(spi_flash.c.obj)
                                          0xc (size before relaxing)
 .literal.special_flash_read_status
                0x0000000040100194        0x0 esp-idf/spi_flash/libspi_flash.a(spi_flash.c.obj)
                                          0x4 (size before relaxing)
 .literal.flash_gd25q32c_read_status
                0x0000000040100194        0x0 esp-idf/spi_flash/libspi_flash.a(spi_flash.c.obj)
                                          0x4 (size before relaxing)
 .literal.special_flash_write_status
                0x0000000040100194        0x0 esp-idf/spi_flash/libspi_flash.a(spi_flash.c.obj)
                                          0x8 (size before relaxing)
 .literal.spi_flash_enable_qio_bit6
                0x0000000040100194        0x0 esp-idf/spi_flash/libspi_flash.a(spi_flash.c.obj)
                                          0x4 (size before relaxing)
 .literal.flash_gd25q32c_write_status
                0x0000000040100194        0x0 esp-idf/spi_flash/libspi_flash.a(spi_flash.c.obj)
                                          0x4 (size before relaxing)
 .literal.flash_gd25q32c_enable_QIO_mode
                0x0000000040100194        0x0 esp-idf/spi_flash/libspi_flash.a(spi_flash.c.obj)
                                          0xc (size before relaxing)
 .literal.en25q16x_read_sfdp
                0x0000000040100194        0x4 esp-idf/spi_flash/libspi_flash.a(spi_flash.c.obj)
                                          0x8 (size before relaxing)
 .literal.spi_flash_get_id
                0x0000000040100198        0x0 esp-idf/spi_flash/libspi_flash.a(spi_flash.c.obj)
                                          0xc (size before relaxing)
 .literal.spi_flash_read_status
                0x0000000040100198        0x0 esp-idf/spi_flash/libspi_flash.a(spi_flash.c.obj)
                                          0xc (size before relaxing)
 .literal.spi_flash_issi_enable_QIO_mode
                0x0000000040100198        0x0 esp-idf/spi_flash/libspi_flash.a(spi_flash.c.obj)
                                          0xc (size before relaxing)
 .literal.special_flash_set_mode
                0x0000000040100198        0x0 esp-idf/spi_flash/libspi_flash.a(spi_flash.c.obj)
                                          0x8 (size before relaxing)
 .literal.en25q16x_write_volatile_status
                0x0000000040100198        0x0 esp-idf/spi_flash/libspi_flash.a(spi_flash.c.obj)
                                         0x14 (size before relaxing)
 .literal.user_spi_flash_dio_to_qio_pre_init
                0x0000000040100198       0x10 esp-idf/spi_flash/libspi_flash.a(spi_flash.c.obj)
                                         0x34 (size before relaxing)
 .literal.esp_spi_flash_init
                0x00000000401001a8       0x20 esp-idf/spi_flash/libspi_flash.a(spi_flash.c.obj)
                                         0x28 (size before relaxing)
 .literal.Cache_Read_Disable_2
                0x00000000401001c8        0xc esp-idf/spi_flash/libspi_flash.a(spi_flash_raw.c.obj)
                                         0x10 (size before relaxing)
 .literal.Cache_Read_Enable_2
                0x00000000401001d4        0x4 esp-idf/spi_flash/libspi_flash.a(spi_flash_raw.c.obj)
                                          0xc (size before relaxing)
 .literal.spi_flash_get_id_raw
                0x00000000401001d8       0x10 esp-idf/spi_flash/libspi_flash.a(spi_flash_raw.c.obj)
                                         0x1c (size before relaxing)
 .literal.spi_flash_read_status_raw
                0x00000000401001e8        0x4 esp-idf/spi_flash/libspi_flash.a(spi_flash_raw.c.obj)
                                          0xc (size before relaxing)
 .literal.spi_flash_enable_qmode_raw
                0x00000000401001ec        0x4 esp-idf/spi_flash/libspi_flash.a(spi_flash_raw.c.obj)
                                         0x10 (size before relaxing)
 .literal.spi_user_cmd_raw
                0x00000000401001f0       0x64 esp-idf/spi_flash/libspi_flash.a(spi_flash_raw.c.obj)
                                         0x8c (size before relaxing)
 .literal.spi_flash_switch_to_qio_raw
                0x0000000040100254        0x8 esp-idf/spi_flash/libspi_flash.a(spi_flash_raw.c.obj)
                                          0xc (size before relaxing)
 .literal.crc32_le
                0x000000004010025c        0x4 esp-idf/util/libutil.a(crc.c.obj)
 .literal.uart_putc
                0x0000000040100260        0xc esp-idf/esp8266/libesp8266.a(ets_printf.c.obj)
 .literal.ets_putc
                0x000000004010026c        0x0 esp-idf/esp8266/libesp8266.a(ets_printf.c.obj)
                                          0x8 (size before relaxing)
 .literal.ets_vprintf
                0x000000004010026c        0x8 esp-idf/esp8266/libesp8266.a(ets_printf.c.obj)
 .literal.ets_printf
                0x0000000040100274        0x0 esp-idf/esp8266/libesp8266.a(ets_printf.c.obj)
                                          0x4 (size before relaxing)
 .iram1.0.literal
                0x0000000040100274        0xc esp-idf/log/liblog.a(log.c.obj)
 .iram1.1.literal
                0x0000000040100280       0x18 esp-idf/log/liblog.a(log.c.obj)
                                         0x30 (size before relaxing)
 .text.selected_boot_partition
                0x0000000040100298        0xf esp-idf/main/libmain.a(bootloader_start.c.obj)
                                         0x13 (size before relaxing)
 *fill*         0x00000000401002a7        0x1 
 .text.select_image
                0x00000000401002a8       0x68 esp-idf/main/libmain.a(bootloader_start.c.obj)
                                         0x70 (size before relaxing)
 .text.call_start_cpu
                0x0000000040100310       0x26 esp-idf/main/libmain.a(bootloader_start.c.obj)
                                         0x2e (size before relaxing)
                0x0000000040100310                call_start_cpu
 *fill*         0x0000000040100336        0x2 
 .text.print_flash_info
                0x0000000040100338       0xc6 esp-idf/bootloader_support/libbootloader_support.a(bootloader_init.c.obj)
                                         0xca (size before relaxing)
 *fill*         0x00000000401003fe        0x2 
 .text.uart_console_configure
                0x0000000040100400       0x17 esp-idf/bootloader_support/libbootloader_support.a(bootloader_init.c.obj)
 *fill*         0x0000000040100417        0x1 
 .text.update_flash_config
                0x0000000040100418       0x21 esp-idf/bootloader_support/libbootloader_support.a(bootloader_init.c.obj)
 *fill*         0x0000000040100439        0x3 
 .text.bootloader_main
                0x000000004010043c       0x69 esp-idf/bootloader_support/libbootloader_support.a(bootloader_init.c.obj)
                                         0x7d (size before relaxing)
 *fill*         0x00000000401004a5        0x3 
 .text.bootloader_init
                0x00000000401004a8       0x25 esp-idf/bootloader_support/libbootloader_support.a(bootloader_init.c.obj)
                                         0x29 (size before relaxing)
                0x00000000401004a8                bootloader_init
 *fill*         0x00000000401004cd        0x3 
 .text.bootloader_flash_read_no_decrypt
                0x00000000401004d0       0x15 esp-idf/bootloader_support/libbootloader_support.a(bootloader_flash.c.obj)
 *fill*         0x00000000401004e5        0x3 
 .text.bootloader_mmap
                0x00000000401004e8       0x63 esp-idf/bootloader_support/libbootloader_support.a(bootloader_flash.c.obj)
                                         0x67 (size before relaxing)
                0x00000000401004e8                bootloader_mmap
 *fill*         0x000000004010054b        0x1 
 .text.bootloader_munmap
                0x000000004010054c       0x23 esp-idf/bootloader_support/libbootloader_support.a(bootloader_flash.c.obj)
                0x000000004010054c                bootloader_munmap
 *fill*         0x000000004010056f        0x1 
 .text.bootloader_flash_read
                0x0000000040100570       0x62 esp-idf/bootloader_support/libbootloader_support.a(bootloader_flash.c.obj)
                                         0x65 (size before relaxing)
                0x0000000040100570                bootloader_flash_read
 *fill*         0x00000000401005d2        0x2 
 .text.log_invalid_app_partition
                0x00000000401005d4       0x4b esp-idf/bootloader_support/libbootloader_support.a(bootloader_utility.c.obj)
                                         0x53 (size before relaxing)
 *fill*         0x000000004010061f        0x1 
 .text.try_load_partition
                0x0000000040100620       0x3d esp-idf/bootloader_support/libbootloader_support.a(bootloader_utility.c.obj)
                                         0x41 (size before relaxing)
 *fill*         0x000000004010065d        0x3 
 .text.bootloader_utility_load_partition_table
                0x0000000040100660      0x171 esp-idf/bootloader_support/libbootloader_support.a(bootloader_utility.c.obj)
                                        0x185 (size before relaxing)
                0x0000000040100660                bootloader_utility_load_partition_table
 *fill*         0x00000000401007d1        0x3 
 .text.bootloader_utility_get_selected_boot_partition
                0x00000000401007d4      0x146 esp-idf/bootloader_support/libbootloader_support.a(bootloader_utility.c.obj)
                                        0x15e (size before relaxing)
                0x00000000401007d4                bootloader_utility_get_selected_boot_partition
 *fill*         0x000000004010091a        0x2 
 .text.bootloader_utility_load_boot_image
                0x000000004010091c       0xd6 esp-idf/bootloader_support/libbootloader_support.a(bootloader_utility.c.obj)
                                         0xfa (size before relaxing)
                0x000000004010091c                bootloader_utility_load_boot_image
 *fill*         0x00000000401009f2        0x2 
 .text.bootloader_utility_load_image
                0x00000000401009f4       0x69 esp-idf/bootloader_support/libbootloader_support.a(bootloader_utility.c.obj)
                0x00000000401009f4                bootloader_utility_load_image
 *fill*         0x0000000040100a5d        0x3 
 .text.should_map
                0x0000000040100a60       0x15 esp-idf/bootloader_support/libbootloader_support.a(esp_image_format.c.obj)
 *fill*         0x0000000040100a75        0x3 
 .text.should_load
                0x0000000040100a78       0x19 esp-idf/bootloader_support/libbootloader_support.a(esp_image_format.c.obj)
                                         0x1d (size before relaxing)
 *fill*         0x0000000040100a91        0x3 
 .text.verify_image_header
                0x0000000040100a94       0x7d esp-idf/bootloader_support/libbootloader_support.a(esp_image_format.c.obj)
                                         0x85 (size before relaxing)
 *fill*         0x0000000040100b11        0x3 
 .text.process_segment
                0x0000000040100b14      0x11a esp-idf/bootloader_support/libbootloader_support.a(esp_image_format.c.obj)
                                        0x12a (size before relaxing)
 *fill*         0x0000000040100c2e        0x2 
 .text.esp_image_load
                0x0000000040100c30      0x197 esp-idf/bootloader_support/libbootloader_support.a(esp_image_format.c.obj)
                                        0x1af (size before relaxing)
                0x0000000040100c30                esp_image_load
 *fill*         0x0000000040100dc7        0x1 
 .text.bootloader_common_ota_select_crc
                0x0000000040100dc8       0x18 esp-idf/bootloader_support/libbootloader_support.a(bootloader_common.c.obj)
                0x0000000040100dc8                bootloader_common_ota_select_crc
 .text.bootloader_common_ota_select_valid
                0x0000000040100de0       0x2c esp-idf/bootloader_support/libbootloader_support.a(bootloader_common.c.obj)
                0x0000000040100de0                bootloader_common_ota_select_valid
 .text.esp_partition_table_basic_verify
                0x0000000040100e0c       0xe7 esp-idf/bootloader_support/libbootloader_support.a(flash_partitions.c.obj)
                                         0xeb (size before relaxing)
                0x0000000040100e0c                esp_partition_table_basic_verify
 *fill*         0x0000000040100ef3        0x1 
 .text.spi_user_cmd
                0x0000000040100ef4       0x4d esp-idf/spi_flash/libspi_flash.a(spi_flash.c.obj)
                0x0000000040100ef4                spi_user_cmd
 *fill*         0x0000000040100f41        0x3 
 .text.special_flash_read_status
                0x0000000040100f44       0x39 esp-idf/spi_flash/libspi_flash.a(spi_flash.c.obj)
                                         0x3d (size before relaxing)
                0x0000000040100f44                special_flash_read_status
 *fill*         0x0000000040100f7d        0x3 
 .text.flash_gd25q32c_read_status
                0x0000000040100f80       0x33 esp-idf/spi_flash/libspi_flash.a(spi_flash.c.obj)
 *fill*         0x0000000040100fb3        0x1 
 .text.special_flash_write_status
                0x0000000040100fb4       0x59 esp-idf/spi_flash/libspi_flash.a(spi_flash.c.obj)
                                         0x61 (size before relaxing)
                0x0000000040100fb4                special_flash_write_status
 *fill*         0x000000004010100d        0x3 
 .text.spi_flash_enable_qio_bit6
                0x0000000040101010       0x17 esp-idf/spi_flash/libspi_flash.a(spi_flash.c.obj)
                                         0x1b (size before relaxing)
 *fill*         0x0000000040101027        0x1 
 .text.flash_gd25q32c_write_status
                0x0000000040101028       0x30 esp-idf/spi_flash/libspi_flash.a(spi_flash.c.obj)
 .text.flash_gd25q32c_enable_QIO_mode
                0x0000000040101058       0x3e esp-idf/spi_flash/libspi_flash.a(spi_flash.c.obj)
                                         0x46 (size before relaxing)
 *fill*         0x0000000040101096        0x2 
 .text.en25q16x_read_sfdp
                0x0000000040101098       0x43 esp-idf/spi_flash/libspi_flash.a(spi_flash.c.obj)
                0x0000000040101098                en25q16x_read_sfdp
 *fill*         0x00000000401010db        0x1 
 .text.spi_flash_get_id
                0x00000000401010dc       0x26 esp-idf/spi_flash/libspi_flash.a(spi_flash.c.obj)
                0x00000000401010dc                spi_flash_get_id
 *fill*         0x0000000040101102        0x2 
 .text.spi_flash_read_status
                0x0000000040101104       0x28 esp-idf/spi_flash/libspi_flash.a(spi_flash.c.obj)
                0x0000000040101104                spi_flash_read_status
 .text.spi_flash_issi_enable_QIO_mode
                0x000000004010112c       0x43 esp-idf/spi_flash/libspi_flash.a(spi_flash.c.obj)
                                         0x4b (size before relaxing)
 *fill*         0x000000004010116f        0x1 
 .text.special_flash_set_mode
                0x0000000040101170       0x40 esp-idf/spi_flash/libspi_flash.a(spi_flash.c.obj)
                                         0x44 (size before relaxing)
                0x0000000040101170                special_flash_set_mode
 .text.en25q16x_write_volatile_status
                0x00000000401011b0       0x4f esp-idf/spi_flash/libspi_flash.a(spi_flash.c.obj)
                                         0x5b (size before relaxing)
                0x00000000401011b0                en25q16x_write_volatile_status
 *fill*         0x00000000401011ff        0x1 
 .text.user_spi_flash_dio_to_qio_pre_init
                0x0000000040101200       0xd1 esp-idf/spi_flash/libspi_flash.a(spi_flash.c.obj)
                                         0xdd (size before relaxing)
                0x0000000040101200                user_spi_flash_dio_to_qio_pre_init
 *fill*         0x00000000401012d1        0x3 
 .text.esp_spi_flash_init
                0x00000000401012d4       0xc1 esp-idf/spi_flash/libspi_flash.a(spi_flash.c.obj)
                                         0xc5 (size before relaxing)
                0x00000000401012d4                esp_spi_flash_init
 *fill*         0x0000000040101395        0x3 
 .text.Cache_Read_Disable_2
                0x0000000040101398       0x34 esp-idf/spi_flash/libspi_flash.a(spi_flash_raw.c.obj)
                0x0000000040101398                Cache_Read_Disable_2
 .text.Cache_Read_Enable_2
                0x00000000401013cc       0x28 esp-idf/spi_flash/libspi_flash.a(spi_flash_raw.c.obj)
                0x00000000401013cc                Cache_Read_Enable_New
                0x00000000401013cc                Cache_Read_Enable_2
 .text.spi_flash_get_id_raw
                0x00000000401013f4       0x57 esp-idf/spi_flash/libspi_flash.a(spi_flash_raw.c.obj)
                0x00000000401013f4                spi_flash_get_id_raw
 *fill*         0x000000004010144b        0x1 
 .text.spi_flash_read_status_raw
                0x000000004010144c       0x2f esp-idf/spi_flash/libspi_flash.a(spi_flash_raw.c.obj)
                                         0x33 (size before relaxing)
                0x000000004010144c                spi_flash_read_status_raw
 *fill*         0x000000004010147b        0x1 
 .text.spi_flash_enable_qmode_raw
                0x000000004010147c       0x33 esp-idf/spi_flash/libspi_flash.a(spi_flash_raw.c.obj)
                                         0x37 (size before relaxing)
                0x000000004010147c                spi_flash_enable_qmode_raw
 *fill*         0x00000000401014af        0x1 
 .text.spi_user_cmd_raw
                0x00000000401014b0      0x3d7 esp-idf/spi_flash/libspi_flash.a(spi_flash_raw.c.obj)
                0x00000000401014b0                spi_user_cmd_raw
 *fill*         0x0000000040101887        0x1 
 .text.spi_flash_switch_to_qio_raw
                0x0000000040101888       0x25 esp-idf/spi_flash/libspi_flash.a(spi_flash_raw.c.obj)
                0x0000000040101888                spi_flash_switch_to_qio_raw
 *fill*         0x00000000401018ad        0x3 
 .text.crc32_le
                0x00000000401018b0       0x2f esp-idf/util/libutil.a(crc.c.obj)
                0x00000000401018b0                crc32_le
 *fill*         0x00000000401018df        0x1 
 .text.uart_putc
                0x00000000401018e0       0x21 esp-idf/esp8266/libesp8266.a(ets_printf.c.obj)
 *fill*         0x0000000040101901        0x3 
 .text.ets_putc
                0x0000000040101904       0x27 esp-idf/esp8266/libesp8266.a(ets_printf.c.obj)
                0x0000000040101904                ets_putc
 *fill*         0x000000004010192b        0x1 
 .text.ets_vprintf
                0x000000004010192c       0x1f esp-idf/esp8266/libesp8266.a(ets_printf.c.obj)
                0x000000004010192c                ets_vprintf
 *fill*         0x000000004010194b        0x1 
 .text.ets_printf
                0x000000004010194c       0x27 esp-idf/esp8266/libesp8266.a(ets_printf.c.obj)
                                         0x2b (size before relaxing)
                0x000000004010194c                ets_printf
 *fill*         0x0000000040101973        0x1 
 .text.phy_reg_default
                0x0000000040101974       0x36 /tools/ESP8266_RTOS_SDK/components/esp8266/lib/libcore.a(phy.o)
                0x0000000040101984                phy_reg_default
 *fill*         0x00000000401019aa        0x2 
 .text.uart_div_modify
                0x00000000401019ac       0x50 /tools/ESP8266_RTOS_SDK/components/esp8266/lib/libcore.a(uart.o)
                0x00000000401019bc                uart_div_modify
 *fill*         0x00000000401019fc        0x0 
 *fill*         0x00000000401019fc        0x0 
 *fill*         0x00000000401019fc        0x0 
 *fill*         0x00000000401019fc        0x0 
 *fill*         0x00000000401019fc        0x0 
 *fill*         0x00000000401019fc        0x0 
 *fill*         0x00000000401019fc        0x0 
 *fill*         0x00000000401019fc        0x0 
 *fill*         0x00000000401019fc        0x0 
 *fill*         0x00000000401019fc        0x0 
 *fill*         0x00000000401019fc        0x0 
 .text.index_to_partition
                0x00000000401019fc       0x4b esp-idf/bootloader_support/libbootloader_support.a(bootloader_utility.c.obj)
 *fill*         0x0000000040101a47        0x0 
 *fill*         0x0000000040101a47        0x0 
 *fill*         0x0000000040101a47        0x0 
 *fill*         0x0000000040101a47        0x0 
 *fill*         0x0000000040101a47        0x0 
 *fill*         0x0000000040101a47        0x0 
 *fill*         0x0000000040101a47        0x1 
 .text.process_segment_data
                0x0000000040101a48        0x4 esp-idf/bootloader_support/libbootloader_support.a(esp_image_format.c.obj)
 .text.verify_segment_header
                0x0000000040101a4c        0x4 esp-idf/bootloader_support/libbootloader_support.a(esp_image_format.c.obj)
 *fill*         0x0000000040101a50        0x0 
 *fill*         0x0000000040101a50        0x0 
 .text.verify_checksum
                0x0000000040101a50        0x4 esp-idf/bootloader_support/libbootloader_support.a(esp_image_format.c.obj)
 *fill*         0x0000000040101a54        0x0 
 *fill*         0x0000000040101a54        0x0 
 *fill*         0x0000000040101a54        0x0 
 *fill*         0x0000000040101a54        0x0 
 *fill*         0x0000000040101a54        0x0 
 *fill*         0x0000000040101a54        0x0 
 *fill*         0x0000000040101a54        0x0 
 *fill*         0x0000000040101a54        0x0 
 *fill*         0x0000000040101a54        0x0 
 *fill*         0x0000000040101a54        0x0 
 *fill*         0x0000000040101a54        0x0 
 *fill*         0x0000000040101a54        0x0 
 *fill*         0x0000000040101a54        0x0 
 *fill*         0x0000000040101a54        0x0 
 *fill*         0x0000000040101a54        0x0 
 *fill*         0x0000000040101a54        0x0 
 *fill*         0x0000000040101a54        0x0 
 *fill*         0x0000000040101a54        0x0 
 *fill*         0x0000000040101a54        0x0 
 *fill*         0x0000000040101a54        0x0 
 *fill*         0x0000000040101a54        0x0 
 *fill*         0x0000000040101a54        0x0 
 *fill*         0x0000000040101a54        0x0 
 *fill*         0x0000000040101a54        0x0 
 *fill*         0x0000000040101a54        0x0 
 *fill*         0x0000000040101a54        0x0 
 *fill*         0x0000000040101a54        0x0 
 *(.iram1 .iram1.*)
 .iram1.0       0x0000000040101a54       0x1c esp-idf/log/liblog.a(log.c.obj)
                0x0000000040101a54                esp_log_early_timestamp
 .iram1.1       0x0000000040101a70       0x92 esp-idf/log/liblog.a(log.c.obj)
                                         0x9d (size before relaxing)
                0x0000000040101a70                esp_early_log_write
 *(.fini.literal)
 *(.fini)
 *(.gnu.version)
                0x0000000040101b02                _text_end = ABSOLUTE (.)
                0x0000000040101b02                _etext = .

.bss            0x000000003ffe8000        0x8
                0x000000003ffe8000                . = ALIGN (0x8)
                0x000000003ffe8000                _bss_start = ABSOLUTE (.)
 *(.dynsbss)
 *(.sbss)
 *(.sbss.*)
 *(.gnu.linkonce.sb.*)
 *(.scommon)
 *(.sbss2)
 *(.sbss2.*)
 *(.gnu.linkonce.sb2.*)
 *(.dynbss)
 *(.bss)
 *(.bss.*)
 .bss.mapped    0x000000003ffe8000        0x1 esp-idf/bootloader_support/libbootloader_support.a(bootloader_flash.c.obj)
 .bss.FlashIsOnGoing
                0x000000003ffe8001        0x1 esp-idf/spi_flash/libspi_flash.a(spi_flash.c.obj)
                0x000000003ffe8001                FlashIsOnGoing
 *(.gnu.linkonce.b.*)
 *(COMMON)
                0x000000003ffe8008                . = ALIGN (0x8)
 *fill*         0x000000003ffe8002        0x6 
                0x000000003ffe8008                _bss_end = ABSOLUTE (.)

.data           0x000000003ffe8008       0x18
                0x000000003ffe8008                _data_start = ABSOLUTE (.)
 *(.data)
 *(.data.*)
 .data.g_rom_flashchip
                0x000000003ffe8008       0x18 esp-idf/spi_flash/libspi_flash.a(spi_flash.c.obj)
                0x000000003ffe8008                g_rom_flashchip
 *(.gnu.linkonce.d.*)
 *(.data1)
 *(.sdata)
 *(.sdata.*)
 *(.gnu.linkonce.s.*)
 *(.sdata2)
 *(.sdata2.*)
 *(.gnu.linkonce.s2.*)
 *(.jcr)
                0x000000003ffe8020                _data_end = ABSOLUTE (.)

.rodata         0x000000003ffe8020      0xd58
                0x000000003ffe8020                _rodata_start = ABSOLUTE (.)
 *(.rodata)
 *(.rodata.*)
 .rodata.str1.4
                0x000000003ffe8020       0x21 esp-idf/main/libmain.a(bootloader_start.c.obj)
 *fill*         0x000000003ffe8041        0x3 
 .rodata.str1.4
                0x000000003ffe8044       0xf6 esp-idf/bootloader_support/libbootloader_support.a(bootloader_init.c.obj)
                                        0x102 (size before relaxing)
 *fill*         0x000000003ffe813a        0x2 
 .rodata.print_flash_info
                0x000000003ffe813c       0x28 esp-idf/bootloader_support/libbootloader_support.a(bootloader_init.c.obj)
 .rodata.str1.4
                0x000000003ffe8164      0x17b esp-idf/bootloader_support/libbootloader_support.a(bootloader_flash.c.obj)
 *fill*         0x000000003ffe82df        0x1 
 .rodata.str1.4
                0x000000003ffe82e0      0x38a esp-idf/bootloader_support/libbootloader_support.a(bootloader_utility.c.obj)
                                        0x392 (size before relaxing)
 *fill*         0x000000003ffe866a        0x2 
 .rodata.str1.4
                0x000000003ffe866c      0x1eb esp-idf/bootloader_support/libbootloader_support.a(esp_image_format.c.obj)
                                        0x1ef (size before relaxing)
 *fill*         0x000000003ffe8857        0x1 
 .rodata.str1.4
                0x000000003ffe8858       0xb4 esp-idf/bootloader_support/libbootloader_support.a(flash_partitions.c.obj)
 .rodata.str1.4
                0x000000003ffe890c       0x29 esp-idf/spi_flash/libspi_flash.a(spi_flash.c.obj)
 *fill*         0x000000003ffe8935        0x3 
 .rodata.crc32_le_table
                0x000000003ffe8938      0x400 esp-idf/util/libutil.a(crc.c.obj)
 .rodata.str1.4
                0x000000003ffe8d38       0x20 esp-idf/log/liblog.a(log.c.obj)
                                         0x22 (size before relaxing)
 .rodata.s_log_prefix
                0x000000003ffe8d58        0x6 esp-idf/log/liblog.a(log.c.obj)
 *fill*         0x000000003ffe8d5e        0x2 
 .rodata.s_log_color
                0x000000003ffe8d60       0x18 esp-idf/log/liblog.a(log.c.obj)
 *(.gnu.linkonce.r.*)
 *(.rodata1)
                0x000000003ffe8d78                __XT_EXCEPTION_TABLE_ = ABSOLUTE (.)
 *(.xt_except_table)
 *(.gcc_except_table)
 *(.gnu.linkonce.e.*)
 *(.gnu.version_r)
 *(.eh_frame)
                0x000000003ffe8d78                . = ((. + 0x3) & 0xfffffffffffffffc)
                0x000000003ffe8d78                __init_array_start = ABSOLUTE (.)
 *crtbegin.o(.ctors)
 *(EXCLUDE_FILE(*crtend.o) .ctors)
 *(SORT(.ctors.*))
 *(.ctors)
                0x000000003ffe8d78                __init_array_end = ABSOLUTE (.)
 *crtbegin.o(.dtors)
 *(EXCLUDE_FILE(*crtend.o) .dtors)
 *(SORT(.dtors.*))
 *(.dtors)
                0x000000003ffe8d78                __XT_EXCEPTION_DESCS_ = ABSOLUTE (.)
 *(.xt_except_desc)
 *(.gnu.linkonce.h.*)
                0x000000003ffe8d78                __XT_EXCEPTION_DESCS_END__ = ABSOLUTE (.)
 *(.xt_except_desc_end)
 *(.dynamic)
 *(.gnu.version_d)
                0x000000003ffe8d78                _rodata_end = ABSOLUTE (.)
                0x000000003ffe8d78                _lit4_start = ABSOLUTE (.)
 *(*.lit4)
 *(.lit4.*)
 *(.gnu.linkonce.lit4.*)
                0x000000003ffe8d78                _lit4_end = ABSOLUTE (.)
                0x000000003ffe8d78                . = ALIGN (0x4)
                0x000000003ffe8d78                _heap_start = ABSOLUTE (.)
                0x0000000060001100                PROVIDE (rtc_sys_info, 0x60001100)
                [!provide]                        PROVIDE (ets_memcpy, 0x400018b4)
                0x0000000040004b1c                PROVIDE (SPIRead, 0x40004b1c)
                0x0000000040004a4c                PROVIDE (SPIWrite, 0x40004a4c)
                0x0000000040004a00                PROVIDE (SPIEraseSector, 0x40004a00)
                0x0000000040004cf0                PROVIDE (gpio_input_get, 0x40004cf0)
                0x000000004000dd38                PROVIDE (xthal_get_ccount, 0x4000dd38)
                [!provide]                        PROVIDE (uart_div_modify, 0x400039d8)
                0x0000000040001f00                PROVIDE (ets_io_vprintf, 0x40001f00)
                0x00000000400040c0                PROVIDE (SPI_sector_erase, 0x400040c0)
                0x0000000040004174                PROVIDE (SPI_page_program, 0x40004174)
                0x00000000400042ac                PROVIDE (SPI_read_data, 0x400042ac)
                0x00000000400043c8                PROVIDE (SPI_read_status, 0x400043c8)
                0x0000000040004400                PROVIDE (SPI_write_status, 0x40004400)
                0x000000004000443c                PROVIDE (SPI_write_enable, 0x4000443c)
                0x000000004000448c                PROVIDE (Wait_SPI_Idle, 0x4000448c)
                0x00000000400044c0                PROVIDE (Enable_QMode, 0x400044c0)
                [!provide]                        PROVIDE (Disable_QMode, 0x40004508)
                0x0000000040004678                PROVIDE (Cache_Read_Enable, 0x40004678)
                0x00000000400047f0                PROVIDE (Cache_Read_Disable, 0x400047f0)
                [!provide]                        PROVIDE (lldesc_build_chain, 0x40004f40)
                [!provide]                        PROVIDE (lldesc_num2link, 0x40005050)
                [!provide]                        PROVIDE (lldesc_set_owner, 0x4000507c)
                [!provide]                        PROVIDE (__adddf3, 0x4000c538)
                [!provide]                        PROVIDE (__addsf3, 0x4000c180)
                [!provide]                        PROVIDE (__divdf3, 0x4000cb94)
                [!provide]                        PROVIDE (__divdi3, 0x4000ce60)
                [!provide]                        PROVIDE (__divsi3, 0x4000dc88)
                [!provide]                        PROVIDE (__extendsfdf2, 0x4000cdfc)
                [!provide]                        PROVIDE (__fixdfsi, 0x4000ccb8)
                [!provide]                        PROVIDE (__fixunsdfsi, 0x4000cd00)
                [!provide]                        PROVIDE (__fixunssfsi, 0x4000c4c4)
                [!provide]                        PROVIDE (__floatsidf, 0x4000e2f0)
                [!provide]                        PROVIDE (__floatsisf, 0x4000e2ac)
                [!provide]                        PROVIDE (__floatunsidf, 0x4000e2e8)
                [!provide]                        PROVIDE (__floatunsisf, 0x4000e2a4)
                [!provide]                        PROVIDE (__muldf3, 0x4000c8f0)
                [!provide]                        PROVIDE (__muldi3, 0x40000650)
                [!provide]                        PROVIDE (__mulsf3, 0x4000c3dc)
                [!provide]                        PROVIDE (__subdf3, 0x4000c688)
                [!provide]                        PROVIDE (__subsf3, 0x4000c268)
                [!provide]                        PROVIDE (__truncdfsf2, 0x4000cd5c)
                [!provide]                        PROVIDE (__udivdi3, 0x4000d310)
                0x000000004000e21c                PROVIDE (__udivsi3, 0x4000e21c)
                [!provide]                        PROVIDE (__umoddi3, 0x4000d770)
                0x000000004000e268                PROVIDE (__umodsi3, 0x4000e268)
                [!provide]                        PROVIDE (__umulsidi3, 0x4000dcf0)
                [!provide]                        PROVIDE (bzero, 0x4000de84)
                [!provide]                        PROVIDE (memcmp, 0x4000dea8)
                0x000000004000df48                PROVIDE (memcpy, 0x4000df48)
                [!provide]                        PROVIDE (memmove, 0x4000e04c)
                0x000000004000e190                PROVIDE (memset, 0x4000e190)
                [!provide]                        PROVIDE (strcmp, 0x4000bdc8)
                [!provide]                        PROVIDE (strcpy, 0x4000bec8)
                [!provide]                        PROVIDE (strlen, 0x4000bf4c)
                [!provide]                        PROVIDE (strncmp, 0x4000bfa8)
                [!provide]                        PROVIDE (strncpy, 0x4000c0a0)
                [!provide]                        PROVIDE (strstr, 0x4000e1e0)
                [!provide]                        PROVIDE (gpio_input_get, 0x40004cf0)
                [!provide]                        PROVIDE (gpio_pin_wakeup_disable, 0x40004ed4)
                [!provide]                        PROVIDE (gpio_pin_wakeup_enable, 0x40004e90)
                [!provide]                        PROVIDE (ets_io_vprintf, 0x40001f00)
                [!provide]                        PROVIDE (uart_rx_one_char, 0x40003b8c)
                [!provide]                        PROVIDE (rom_i2c_readReg, 0x40007268)
                [!provide]                        PROVIDE (rom_i2c_readReg_Mask, 0x4000729c)
                [!provide]                        PROVIDE (rom_i2c_writeReg, 0x400072d8)
                [!provide]                        PROVIDE (rom_i2c_writeReg_Mask, 0x4000730c)

.comment        0x0000000000000000       0x74
 .comment       0x0000000000000000       0x3a CMakeFiles/bootloader.elf.dir/project_elf_src.c.obj
                                         0x3b (size before relaxing)
 .comment       0x000000000000003a       0x3b esp-idf/main/libmain.a(bootloader_start.c.obj)
 .comment       0x000000000000003a       0x3b esp-idf/bootloader_support/libbootloader_support.a(bootloader_init.c.obj)
 .comment       0x000000000000003a       0x3b esp-idf/bootloader_support/libbootloader_support.a(bootloader_flash.c.obj)
 .comment       0x000000000000003a       0x3b esp-idf/bootloader_support/libbootloader_support.a(bootloader_utility.c.obj)
 .comment       0x000000000000003a       0x3b esp-idf/bootloader_support/libbootloader_support.a(esp_image_format.c.obj)
 .comment       0x000000000000003a       0x3b esp-idf/bootloader_support/libbootloader_support.a(bootloader_common.c.obj)
 .comment       0x000000000000003a       0x3b esp-idf/bootloader_support/libbootloader_support.a(flash_partitions.c.obj)
 .comment       0x000000000000003a       0x3b esp-idf/spi_flash/libspi_flash.a(spi_flash.c.obj)
 .comment       0x000000000000003a       0x3b esp-idf/spi_flash/libspi_flash.a(spi_flash_raw.c.obj)
 .comment       0x000000000000003a       0x3b esp-idf/util/libutil.a(crc.c.obj)
 .comment       0x000000000000003a       0x3b esp-idf/log/liblog.a(log.c.obj)
 .comment       0x000000000000003a       0x3b esp-idf/esp8266/libesp8266.a(ets_printf.c.obj)
 .comment       0x000000000000003a       0x3a /tools/ESP8266_RTOS_SDK/components/esp8266/lib/libcore.a(phy.o)
                                         0x3b (size before relaxing)
 .comment       0x0000000000000074       0x3b /tools/ESP8266_RTOS_SDK/components/esp8266/lib/libcore.a(uart.o)

.xtensa.info    0x0000000000000000       0x38
 .xtensa.info   0x0000000000000000       0x38 CMakeFiles/bootloader.elf.dir/project_elf_src.c.obj
 .xtensa.info   0x0000000000000038        0x0 esp-idf/main/libmain.a(bootloader_start.c.obj)
 .xtensa.info   0x0000000000000038        0x0 esp-idf/bootloader_support/libbootloader_support.a(bootloader_init.c.obj)
 .xtensa.info   0x0000000000000038        0x0 esp-idf/bootloader_support/libbootloader_support.a(bootloader_flash.c.obj)
 .xtensa.info   0x0000000000000038        0x0 esp-idf/bootloader_support/libbootloader_support.a(bootloader_utility.c.obj)
 .xtensa.info   0x0000000000000038        0x0 esp-idf/bootloader_support/libbootloader_support.a(esp_image_format.c.obj)
 .xtensa.info   0x0000000000000038        0x0 esp-idf/bootloader_support/libbootloader_support.a(bootloader_common.c.obj)
 .xtensa.info   0x0000000000000038        0x0 esp-idf/bootloader_support/libbootloader_support.a(flash_partitions.c.obj)
 .xtensa.info   0x0000000000000038        0x0 esp-idf/spi_flash/libspi_flash.a(spi_flash.c.obj)
 .xtensa.info   0x0000000000000038        0x0 esp-idf/spi_flash/libspi_flash.a(spi_flash_raw.c.obj)
 .xtensa.info   0x0000000000000038        0x0 esp-idf/util/libutil.a(crc.c.obj)
 .xtensa.info   0x0000000000000038        0x0 esp-idf/log/liblog.a(log.c.obj)
 .xtensa.info   0x0000000000000038        0x0 esp-idf/esp8266/libesp8266.a(ets_printf.c.obj)
 .xtensa.info   0x0000000000000038        0x0 /tools/ESP8266_RTOS_SDK/components/esp8266/lib/libcore.a(phy.o)
 .xtensa.info   0x0000000000000038        0x0 /tools/ESP8266_RTOS_SDK/components/esp8266/lib/libcore.a(uart.o)
END GROUP
OUTPUT(bootloader.elf elf32-xtensa-le)

.debug_frame    0x0000000000000000      0xa88
 .debug_frame   0x0000000000000000       0x74 esp-idf/main/libmain.a(bootloader_start.c.obj)
 .debug_frame   0x0000000000000074       0xb4 esp-idf/bootloader_support/libbootloader_support.a(bootloader_init.c.obj)
 .debug_frame   0x0000000000000128       0xd8 esp-idf/bootloader_support/libbootloader_support.a(bootloader_flash.c.obj)
 .debug_frame   0x0000000000000200       0xfc esp-idf/bootloader_support/libbootloader_support.a(bootloader_utility.c.obj)
 .debug_frame   0x00000000000002fc      0x10c esp-idf/bootloader_support/libbootloader_support.a(esp_image_format.c.obj)
 .debug_frame   0x0000000000000408       0x74 esp-idf/bootloader_support/libbootloader_support.a(bootloader_common.c.obj)
 .debug_frame   0x000000000000047c       0x38 esp-idf/bootloader_support/libbootloader_support.a(flash_partitions.c.obj)
 .debug_frame   0x00000000000004b4      0x350 esp-idf/spi_flash/libspi_flash.a(spi_flash.c.obj)
 .debug_frame   0x0000000000000804      0x16c esp-idf/spi_flash/libspi_flash.a(spi_flash_raw.c.obj)
 .debug_frame   0x0000000000000970       0x40 esp-idf/util/libutil.a(crc.c.obj)
 .debug_frame   0x00000000000009b0       0x58 esp-idf/log/liblog.a(log.c.obj)
 .debug_frame   0x0000000000000a08       0x80 esp-idf/esp8266/libesp8266.a(ets_printf.c.obj)

.debug_info     0x0000000000000000     0x4fce
 .debug_info    0x0000000000000000      0x4b5 esp-idf/main/libmain.a(bootloader_start.c.obj)
 .debug_info    0x00000000000004b5      0x4fd esp-idf/bootloader_support/libbootloader_support.a(bootloader_init.c.obj)
 .debug_info    0x00000000000009b2      0x506 esp-idf/bootloader_support/libbootloader_support.a(bootloader_flash.c.obj)
 .debug_info    0x0000000000000eb8      0xd5a esp-idf/bootloader_support/libbootloader_support.a(bootloader_utility.c.obj)
 .debug_info    0x0000000000001c12      0xb18 esp-idf/bootloader_support/libbootloader_support.a(esp_image_format.c.obj)
 .debug_info    0x000000000000272a      0x341 esp-idf/bootloader_support/libbootloader_support.a(bootloader_common.c.obj)
 .debug_info    0x0000000000002a6b      0x3d6 esp-idf/bootloader_support/libbootloader_support.a(flash_partitions.c.obj)
 .debug_info    0x0000000000002e41     0x134f esp-idf/spi_flash/libspi_flash.a(spi_flash.c.obj)
 .debug_info    0x0000000000004190      0x756 esp-idf/spi_flash/libspi_flash.a(spi_flash_raw.c.obj)
 .debug_info    0x00000000000048e6      0x209 esp-idf/util/libutil.a(crc.c.obj)
 .debug_info    0x0000000000004aef      0x2c0 esp-idf/log/liblog.a(log.c.obj)
 .debug_info    0x0000000000004daf      0x21f esp-idf/esp8266/libesp8266.a(ets_printf.c.obj)

.debug_abbrev   0x0000000000000000     0x140c
 .debug_abbrev  0x0000000000000000      0x18e esp-idf/main/libmain.a(bootloader_start.c.obj)
 .debug_abbrev  0x000000000000018e      0x1c1 esp-idf/bootloader_support/libbootloader_support.a(bootloader_init.c.obj)
 .debug_abbrev  0x000000000000034f      0x173 esp-idf/bootloader_support/libbootloader_support.a(bootloader_flash.c.obj)
 .debug_abbrev  0x00000000000004c2      0x25c esp-idf/bootloader_support/libbootloader_support.a(bootloader_utility.c.obj)
 .debug_abbrev  0x000000000000071e      0x1d8 esp-idf/bootloader_support/libbootloader_support.a(esp_image_format.c.obj)
 .debug_abbrev  0x00000000000008f6      0x1aa esp-idf/bootloader_support/libbootloader_support.a(bootloader_common.c.obj)
 .debug_abbrev  0x0000000000000aa0      0x16e esp-idf/bootloader_support/libbootloader_support.a(flash_partitions.c.obj)
 .debug_abbrev  0x0000000000000c0e      0x306 esp-idf/spi_flash/libspi_flash.a(spi_flash.c.obj)
 .debug_abbrev  0x0000000000000f14      0x176 esp-idf/spi_flash/libspi_flash.a(spi_flash_raw.c.obj)
 .debug_abbrev  0x000000000000108a       0xaf esp-idf/util/libutil.a(crc.c.obj)
 .debug_abbrev  0x0000000000001139      0x17a esp-idf/log/liblog.a(log.c.obj)
 .debug_abbrev  0x00000000000012b3      0x159 esp-idf/esp8266/libesp8266.a(ets_printf.c.obj)

.debug_loc      0x0000000000000000     0x2e2d
 .debug_loc     0x0000000000000000       0x76 esp-idf/main/libmain.a(bootloader_start.c.obj)
 .debug_loc     0x0000000000000076       0xf6 esp-idf/bootloader_support/libbootloader_support.a(bootloader_init.c.obj)
 .debug_loc     0x000000000000016c      0x33b esp-idf/bootloader_support/libbootloader_support.a(bootloader_flash.c.obj)
 .debug_loc     0x00000000000004a7      0x5c4 esp-idf/bootloader_support/libbootloader_support.a(bootloader_utility.c.obj)
 .debug_loc     0x0000000000000a6b      0x68a esp-idf/bootloader_support/libbootloader_support.a(esp_image_format.c.obj)
 .debug_loc     0x00000000000010f5      0x2e6 esp-idf/bootloader_support/libbootloader_support.a(bootloader_common.c.obj)
 .debug_loc     0x00000000000013db      0x108 esp-idf/bootloader_support/libbootloader_support.a(flash_partitions.c.obj)
 .debug_loc     0x00000000000014e3     0x10af esp-idf/spi_flash/libspi_flash.a(spi_flash.c.obj)
 .debug_loc     0x0000000000002592      0x5a0 esp-idf/spi_flash/libspi_flash.a(spi_flash_raw.c.obj)
 .debug_loc     0x0000000000002b32      0x192 esp-idf/util/libutil.a(crc.c.obj)
 .debug_loc     0x0000000000002cc4       0xce esp-idf/log/liblog.a(log.c.obj)
 .debug_loc     0x0000000000002d92       0x9b esp-idf/esp8266/libesp8266.a(ets_printf.c.obj)

.debug_aranges  0x0000000000000000      0x3a0
 .debug_aranges
                0x0000000000000000       0x30 esp-idf/main/libmain.a(bootloader_start.c.obj)
 .debug_aranges
                0x0000000000000030       0x40 esp-idf/bootloader_support/libbootloader_support.a(bootloader_init.c.obj)
 .debug_aranges
                0x0000000000000070       0x48 esp-idf/bootloader_support/libbootloader_support.a(bootloader_flash.c.obj)
 .debug_aranges
                0x00000000000000b8       0x50 esp-idf/bootloader_support/libbootloader_support.a(bootloader_utility.c.obj)
 .debug_aranges
                0x0000000000000108       0x60 esp-idf/bootloader_support/libbootloader_support.a(esp_image_format.c.obj)
 .debug_aranges
                0x0000000000000168       0x30 esp-idf/bootloader_support/libbootloader_support.a(bootloader_common.c.obj)
 .debug_aranges
                0x0000000000000198       0x20 esp-idf/bootloader_support/libbootloader_support.a(flash_partitions.c.obj)
 .debug_aranges
                0x00000000000001b8       0xe8 esp-idf/spi_flash/libspi_flash.a(spi_flash.c.obj)
 .debug_aranges
                0x00000000000002a0       0x70 esp-idf/spi_flash/libspi_flash.a(spi_flash_raw.c.obj)
 .debug_aranges
                0x0000000000000310       0x30 esp-idf/util/libutil.a(crc.c.obj)
 .debug_aranges
                0x0000000000000340       0x28 esp-idf/log/liblog.a(log.c.obj)
 .debug_aranges
                0x0000000000000368       0x38 esp-idf/esp8266/libesp8266.a(ets_printf.c.obj)

.debug_ranges   0x0000000000000000      0x3c8
 .debug_ranges  0x0000000000000000       0x20 esp-idf/main/libmain.a(bootloader_start.c.obj)
 .debug_ranges  0x0000000000000020       0x30 esp-idf/bootloader_support/libbootloader_support.a(bootloader_init.c.obj)
 .debug_ranges  0x0000000000000050       0x38 esp-idf/bootloader_support/libbootloader_support.a(bootloader_flash.c.obj)
 .debug_ranges  0x0000000000000088       0x40 esp-idf/bootloader_support/libbootloader_support.a(bootloader_utility.c.obj)
 .debug_ranges  0x00000000000000c8       0x50 esp-idf/bootloader_support/libbootloader_support.a(esp_image_format.c.obj)
 .debug_ranges  0x0000000000000118       0x20 esp-idf/bootloader_support/libbootloader_support.a(bootloader_common.c.obj)
 .debug_ranges  0x0000000000000138       0x40 esp-idf/bootloader_support/libbootloader_support.a(flash_partitions.c.obj)
 .debug_ranges  0x0000000000000178      0x190 esp-idf/spi_flash/libspi_flash.a(spi_flash.c.obj)
 .debug_ranges  0x0000000000000308       0x60 esp-idf/spi_flash/libspi_flash.a(spi_flash_raw.c.obj)
 .debug_ranges  0x0000000000000368       0x20 esp-idf/util/libutil.a(crc.c.obj)
 .debug_ranges  0x0000000000000388       0x18 esp-idf/log/liblog.a(log.c.obj)
 .debug_ranges  0x00000000000003a0       0x28 esp-idf/esp8266/libesp8266.a(ets_printf.c.obj)

.debug_line     0x0000000000000000     0x35df
 .debug_line    0x0000000000000000      0x2fd esp-idf/main/libmain.a(bootloader_start.c.obj)
 .debug_line    0x00000000000002fd      0x416 esp-idf/bootloader_support/libbootloader_support.a(bootloader_init.c.obj)
 .debug_line    0x0000000000000713      0x34d esp-idf/bootloader_support/libbootloader_support.a(bootloader_flash.c.obj)
 .debug_line    0x0000000000000a60      0x77b esp-idf/bootloader_support/libbootloader_support.a(bootloader_utility.c.obj)
 .debug_line    0x00000000000011db      0x5ad esp-idf/bootloader_support/libbootloader_support.a(esp_image_format.c.obj)
 .debug_line    0x0000000000001788      0x2ce esp-idf/bootloader_support/libbootloader_support.a(bootloader_common.c.obj)
 .debug_line    0x0000000000001a56      0x2e6 esp-idf/bootloader_support/libbootloader_support.a(flash_partitions.c.obj)
 .debug_line    0x0000000000001d3c      0xc5c esp-idf/spi_flash/libspi_flash.a(spi_flash.c.obj)
 .debug_line    0x0000000000002998      0x5e1 esp-idf/spi_flash/libspi_flash.a(spi_flash_raw.c.obj)
 .debug_line    0x0000000000002f79      0x195 esp-idf/util/libutil.a(crc.c.obj)
 .debug_line    0x000000000000310e      0x2c6 esp-idf/log/liblog.a(log.c.obj)
 .debug_line    0x00000000000033d4      0x20b esp-idf/esp8266/libesp8266.a(ets_printf.c.obj)

.debug_str      0x0000000000000000     0x1690
 .debug_str     0x0000000000000000      0x452 esp-idf/main/libmain.a(bootloader_start.c.obj)
                                        0x4db (size before relaxing)
 .debug_str     0x0000000000000452      0x2e3 esp-idf/bootloader_support/libbootloader_support.a(bootloader_init.c.obj)
                                        0x593 (size before relaxing)
 .debug_str     0x0000000000000735      0x150 esp-idf/bootloader_support/libbootloader_support.a(bootloader_flash.c.obj)
                                        0x388 (size before relaxing)
 .debug_str     0x0000000000000885      0x21f esp-idf/bootloader_support/libbootloader_support.a(bootloader_utility.c.obj)
                                        0x705 (size before relaxing)
 .debug_str     0x0000000000000aa4      0x1a2 esp-idf/bootloader_support/libbootloader_support.a(esp_image_format.c.obj)
                                        0x748 (size before relaxing)
 .debug_str     0x0000000000000c46      0x15e esp-idf/bootloader_support/libbootloader_support.a(bootloader_common.c.obj)
                                        0x37e (size before relaxing)
 .debug_str     0x0000000000000da4       0xd6 esp-idf/bootloader_support/libbootloader_support.a(flash_partitions.c.obj)
                                        0x3ac (size before relaxing)
 .debug_str     0x0000000000000e7a      0x515 esp-idf/spi_flash/libspi_flash.a(spi_flash.c.obj)
                                        0x916 (size before relaxing)
 .debug_str     0x000000000000138f      0x11f esp-idf/spi_flash/libspi_flash.a(spi_flash_raw.c.obj)
                                        0x4bf (size before relaxing)
 .debug_str     0x00000000000014ae       0x70 esp-idf/util/libutil.a(crc.c.obj)
                                        0x1a9 (size before relaxing)
 .debug_str     0x000000000000151e       0xe0 esp-idf/log/liblog.a(log.c.obj)
                                        0x2b0 (size before relaxing)
 .debug_str     0x00000000000015fe       0x92 esp-idf/esp8266/libesp8266.a(ets_printf.c.obj)
                                        0x213 (size before relaxing)

Cross Reference Table

Symbol                                            File
Cache_Read_Disable                                esp-idf/spi_flash/libspi_flash.a(spi_flash_raw.c.obj)
                                                  esp-idf/bootloader_support/libbootloader_support.a(bootloader_flash.c.obj)
                                                  esp-idf/bootloader_support/libbootloader_support.a(bootloader_init.c.obj)
Cache_Read_Disable_2                              esp-idf/spi_flash/libspi_flash.a(spi_flash_raw.c.obj)
Cache_Read_Enable                                 esp-idf/bootloader_support/libbootloader_support.a(bootloader_utility.c.obj)
                                                  esp-idf/bootloader_support/libbootloader_support.a(bootloader_flash.c.obj)
Cache_Read_Enable_2                               esp-idf/spi_flash/libspi_flash.a(spi_flash_raw.c.obj)
Cache_Read_Enable_New                             esp-idf/spi_flash/libspi_flash.a(spi_flash_raw.c.obj)
Enable_QMode                                      esp-idf/spi_flash/libspi_flash.a(spi_flash_raw.c.obj)
FlashIsOnGoing                                    esp-idf/spi_flash/libspi_flash.a(spi_flash.c.obj)
SPIEraseSector                                    esp-idf/bootloader_support/libbootloader_support.a(bootloader_flash.c.obj)
SPIRead                                           esp-idf/bootloader_support/libbootloader_support.a(bootloader_flash.c.obj)
SPIWrite                                          esp-idf/bootloader_support/libbootloader_support.a(bootloader_flash.c.obj)
SPI_page_program                                  esp-idf/spi_flash/libspi_flash.a(spi_flash_raw.c.obj)
SPI_read_data                                     esp-idf/spi_flash/libspi_flash.a(spi_flash_raw.c.obj)
SPI_read_status                                   esp-idf/spi_flash/libspi_flash.a(spi_flash_raw.c.obj)
SPI_sector_erase                                  esp-idf/spi_flash/libspi_flash.a(spi_flash_raw.c.obj)
SPI_write_enable                                  esp-idf/spi_flash/libspi_flash.a(spi_flash_raw.c.obj)
SPI_write_status                                  esp-idf/spi_flash/libspi_flash.a(spi_flash_raw.c.obj)
Uart_Init                                         /tools/ESP8266_RTOS_SDK/components/esp8266/lib/libcore.a(uart.o)
Wait_SPI_Idle                                     esp-idf/spi_flash/libspi_flash.a(spi_flash_raw.c.obj)
__udivsi3                                         esp-idf/log/liblog.a(log.c.obj)
                                                  esp-idf/spi_flash/libspi_flash.a(spi_flash.c.obj)
                                                  esp-idf/bootloader_support/libbootloader_support.a(bootloader_common.c.obj)
__umodsi3                                         esp-idf/spi_flash/libspi_flash.a(spi_flash.c.obj)
                                                  esp-idf/bootloader_support/libbootloader_support.a(bootloader_utility.c.obj)
                                                  esp-idf/bootloader_support/libbootloader_support.a(bootloader_flash.c.obj)
_bss_end                                          esp-idf/bootloader_support/libbootloader_support.a(bootloader_init.c.obj)
_bss_start                                        esp-idf/bootloader_support/libbootloader_support.a(bootloader_init.c.obj)
bootloader_common_check_long_hold_gpio            esp-idf/bootloader_support/libbootloader_support.a(bootloader_common.c.obj)
bootloader_common_ota_select_crc                  esp-idf/bootloader_support/libbootloader_support.a(bootloader_common.c.obj)
bootloader_common_ota_select_valid                esp-idf/bootloader_support/libbootloader_support.a(bootloader_common.c.obj)
                                                  esp-idf/bootloader_support/libbootloader_support.a(bootloader_utility.c.obj)
bootloader_flash_erase_sector                     esp-idf/bootloader_support/libbootloader_support.a(bootloader_flash.c.obj)
bootloader_flash_read                             esp-idf/bootloader_support/libbootloader_support.a(bootloader_flash.c.obj)
                                                  esp-idf/bootloader_support/libbootloader_support.a(esp_image_format.c.obj)
                                                  esp-idf/bootloader_support/libbootloader_support.a(bootloader_init.c.obj)
bootloader_flash_write                            esp-idf/bootloader_support/libbootloader_support.a(bootloader_flash.c.obj)
bootloader_init                                   esp-idf/bootloader_support/libbootloader_support.a(bootloader_init.c.obj)
                                                  esp-idf/main/libmain.a(bootloader_start.c.obj)
bootloader_mmap                                   esp-idf/bootloader_support/libbootloader_support.a(bootloader_flash.c.obj)
                                                  esp-idf/bootloader_support/libbootloader_support.a(bootloader_utility.c.obj)
bootloader_munmap                                 esp-idf/bootloader_support/libbootloader_support.a(bootloader_flash.c.obj)
                                                  esp-idf/bootloader_support/libbootloader_support.a(bootloader_utility.c.obj)
bootloader_utility_get_selected_boot_partition    esp-idf/bootloader_support/libbootloader_support.a(bootloader_utility.c.obj)
                                                  esp-idf/main/libmain.a(bootloader_start.c.obj)
bootloader_utility_load_boot_image                esp-idf/bootloader_support/libbootloader_support.a(bootloader_utility.c.obj)
                                                  esp-idf/main/libmain.a(bootloader_start.c.obj)
bootloader_utility_load_image                     esp-idf/bootloader_support/libbootloader_support.a(bootloader_utility.c.obj)
                                                  esp-idf/main/libmain.a(bootloader_start.c.obj)
bootloader_utility_load_partition_table           esp-idf/bootloader_support/libbootloader_support.a(bootloader_utility.c.obj)
                                                  esp-idf/main/libmain.a(bootloader_start.c.obj)
call_start_cpu                                    esp-idf/main/libmain.a(bootloader_start.c.obj)
crc16_le                                          esp-idf/util/libutil.a(crc.c.obj)
crc32_le                                          esp-idf/util/libutil.a(crc.c.obj)
                                                  esp-idf/bootloader_support/libbootloader_support.a(bootloader_common.c.obj)
en25q16x_read_sfdp                                esp-idf/spi_flash/libspi_flash.a(spi_flash.c.obj)
en25q16x_write_volatile_status                    esp-idf/spi_flash/libspi_flash.a(spi_flash.c.obj)
esp_crc8                                          esp-idf/util/libutil.a(crc.c.obj)
esp_early_log_write                               esp-idf/log/liblog.a(log.c.obj)
                                                  esp-idf/spi_flash/libspi_flash.a(spi_flash.c.obj)
                                                  esp-idf/bootloader_support/libbootloader_support.a(flash_partitions.c.obj)
                                                  esp-idf/bootloader_support/libbootloader_support.a(esp_image_format.c.obj)
                                                  esp-idf/bootloader_support/libbootloader_support.a(bootloader_utility.c.obj)
                                                  esp-idf/bootloader_support/libbootloader_support.a(bootloader_flash.c.obj)
                                                  esp-idf/bootloader_support/libbootloader_support.a(bootloader_init.c.obj)
                                                  esp-idf/main/libmain.a(bootloader_start.c.obj)
esp_image_load                                    esp-idf/bootloader_support/libbootloader_support.a(esp_image_format.c.obj)
                                                  esp-idf/bootloader_support/libbootloader_support.a(bootloader_utility.c.obj)
esp_image_spi_freq_t                              esp-idf/spi_flash/libspi_flash.a(spi_flash.c.obj)
                                                  esp-idf/bootloader_support/libbootloader_support.a(esp_image_format.c.obj)
                                                  esp-idf/bootloader_support/libbootloader_support.a(bootloader_utility.c.obj)
                                                  esp-idf/bootloader_support/libbootloader_support.a(bootloader_init.c.obj)
                                                  esp-idf/main/libmain.a(bootloader_start.c.obj)
esp_image_verify_bootloader                       esp-idf/bootloader_support/libbootloader_support.a(esp_image_format.c.obj)
esp_log_early_timestamp                           esp-idf/log/liblog.a(log.c.obj)
                                                  esp-idf/bootloader_support/libbootloader_support.a(bootloader_common.c.obj)
esp_partition_table_basic_verify                  esp-idf/bootloader_support/libbootloader_support.a(flash_partitions.c.obj)
                                                  esp-idf/bootloader_support/libbootloader_support.a(bootloader_utility.c.obj)
esp_spi_flash_init                                esp-idf/spi_flash/libspi_flash.a(spi_flash.c.obj)
                                                  esp-idf/bootloader_support/libbootloader_support.a(bootloader_init.c.obj)
esp_task_wdt_reset                                esp-idf/spi_flash/libspi_flash.a(spi_flash.c.obj)
ets_io_vprintf                                    esp-idf/esp8266/libesp8266.a(ets_printf.c.obj)
ets_printf                                        esp-idf/esp8266/libesp8266.a(ets_printf.c.obj)
                                                  esp-idf/log/liblog.a(log.c.obj)
ets_putc                                          esp-idf/esp8266/libesp8266.a(ets_printf.c.obj)
ets_vprintf                                       esp-idf/esp8266/libesp8266.a(ets_printf.c.obj)
                                                  esp-idf/log/liblog.a(log.c.obj)
g_rom_flashchip                                   esp-idf/spi_flash/libspi_flash.a(spi_flash.c.obj)
                                                  esp-idf/bootloader_support/libbootloader_support.a(flash_partitions.c.obj)
gpio_input_get                                    esp-idf/bootloader_support/libbootloader_support.a(bootloader_common.c.obj)
memcpy                                            esp-idf/spi_flash/libspi_flash.a(spi_flash.c.obj)
                                                  esp-idf/bootloader_support/libbootloader_support.a(flash_partitions.c.obj)
                                                  esp-idf/bootloader_support/libbootloader_support.a(bootloader_utility.c.obj)
memset                                            esp-idf/bootloader_support/libbootloader_support.a(esp_image_format.c.obj)
                                                  esp-idf/bootloader_support/libbootloader_support.a(bootloader_utility.c.obj)
                                                  esp-idf/bootloader_support/libbootloader_support.a(bootloader_init.c.obj)
                                                  esp-idf/main/libmain.a(bootloader_start.c.obj)
phy_reg_default                                   /tools/ESP8266_RTOS_SDK/components/esp8266/lib/libcore.a(phy.o)
                                                  esp-idf/bootloader_support/libbootloader_support.a(bootloader_init.c.obj)
rtc_sys_info                                      esp-idf/bootloader_support/libbootloader_support.a(bootloader_utility.c.obj)
special_flash_read_status                         esp-idf/spi_flash/libspi_flash.a(spi_flash.c.obj)
special_flash_set_mode                            esp-idf/spi_flash/libspi_flash.a(spi_flash.c.obj)
special_flash_write_status                        esp-idf/spi_flash/libspi_flash.a(spi_flash.c.obj)
spi_flash_cache2phys                              esp-idf/spi_flash/libspi_flash.a(spi_flash.c.obj)
spi_flash_check_wr_protect                        esp-idf/spi_flash/libspi_flash.a(spi_flash.c.obj)
spi_flash_enable_qmode_raw                        esp-idf/spi_flash/libspi_flash.a(spi_flash_raw.c.obj)
                                                  esp-idf/spi_flash/libspi_flash.a(spi_flash.c.obj)
spi_flash_erase_range                             esp-idf/spi_flash/libspi_flash.a(spi_flash.c.obj)
spi_flash_erase_sector                            esp-idf/spi_flash/libspi_flash.a(spi_flash.c.obj)
spi_flash_erase_sector_raw                        esp-idf/spi_flash/libspi_flash.a(spi_flash_raw.c.obj)
                                                  esp-idf/spi_flash/libspi_flash.a(spi_flash.c.obj)
spi_flash_get_chip_size                           esp-idf/spi_flash/libspi_flash.a(spi_flash.c.obj)
spi_flash_get_id                                  esp-idf/spi_flash/libspi_flash.a(spi_flash.c.obj)
spi_flash_get_id_raw                              esp-idf/spi_flash/libspi_flash.a(spi_flash_raw.c.obj)
                                                  esp-idf/spi_flash/libspi_flash.a(spi_flash.c.obj)
spi_flash_read                                    esp-idf/spi_flash/libspi_flash.a(spi_flash.c.obj)
spi_flash_read_raw                                esp-idf/spi_flash/libspi_flash.a(spi_flash_raw.c.obj)
                                                  esp-idf/spi_flash/libspi_flash.a(spi_flash.c.obj)
spi_flash_read_status                             esp-idf/spi_flash/libspi_flash.a(spi_flash.c.obj)
spi_flash_read_status_raw                         esp-idf/spi_flash/libspi_flash.a(spi_flash_raw.c.obj)
                                                  esp-idf/spi_flash/libspi_flash.a(spi_flash.c.obj)
spi_flash_switch_to_qio_raw                       esp-idf/spi_flash/libspi_flash.a(spi_flash_raw.c.obj)
                                                  esp-idf/spi_flash/libspi_flash.a(spi_flash.c.obj)
spi_flash_write                                   esp-idf/spi_flash/libspi_flash.a(spi_flash.c.obj)
spi_flash_write_raw                               esp-idf/spi_flash/libspi_flash.a(spi_flash_raw.c.obj)
                                                  esp-idf/spi_flash/libspi_flash.a(spi_flash.c.obj)
spi_flash_write_status                            esp-idf/spi_flash/libspi_flash.a(spi_flash.c.obj)
spi_flash_write_status_raw                        esp-idf/spi_flash/libspi_flash.a(spi_flash_raw.c.obj)
                                                  esp-idf/spi_flash/libspi_flash.a(spi_flash.c.obj)
spi_user_cmd                                      esp-idf/spi_flash/libspi_flash.a(spi_flash.c.obj)
spi_user_cmd_raw                                  esp-idf/spi_flash/libspi_flash.a(spi_flash_raw.c.obj)
                                                  esp-idf/spi_flash/libspi_flash.a(spi_flash.c.obj)
uart_buff_switch                                  /tools/ESP8266_RTOS_SDK/components/esp8266/lib/libcore.a(uart.o)
uart_div_modify                                   /tools/ESP8266_RTOS_SDK/components/esp8266/lib/libcore.a(uart.o)
                                                  esp-idf/bootloader_support/libbootloader_support.a(bootloader_init.c.obj)
user_spi_flash_dio_to_qio_pre_init                esp-idf/spi_flash/libspi_flash.a(spi_flash.c.obj)
xthal_get_ccount                                  esp-idf/log/liblog.a(log.c.obj)
