Archive member included because of file (symbol)

/usr/local/CrossPack-AVR-20120217/lib/gcc/avr/4.5.1/../../../../avr/lib/avr25/libc.a(exit.o)
                              /usr/local/CrossPack-AVR-20120217/lib/gcc/avr/4.5.1/../../../../avr/lib/avr25/crttn45.o (exit)
/usr/local/CrossPack-AVR-20120217/lib/gcc/avr/4.5.1/avr25/libgcc.a(_mulhi3.o)
                              VideoThrowie.o (__mulhi3)
/usr/local/CrossPack-AVR-20120217/lib/gcc/avr/4.5.1/avr25/libgcc.a(_exit.o)
                              /usr/local/CrossPack-AVR-20120217/lib/gcc/avr/4.5.1/../../../../avr/lib/avr25/libc.a(exit.o) (_exit)
/usr/local/CrossPack-AVR-20120217/lib/gcc/avr/4.5.1/avr25/libgcc.a(_copy_data.o)
                              VideoThrowie.o (__do_copy_data)

Memory Configuration

Name             Origin             Length             Attributes
text             0x00000000         0x00002000         xr
data             0x00800060         0x0000ffa0         rw !x
eeprom           0x00810000         0x00010000         rw !x
fuse             0x00820000         0x00000400         rw !x
lock             0x00830000         0x00000400         rw !x
signature        0x00840000         0x00000400         rw !x
*default*        0x00000000         0xffffffff

Linker script and memory map

LOAD /usr/local/CrossPack-AVR-20120217/lib/gcc/avr/4.5.1/../../../../avr/lib/avr25/crttn45.o
LOAD VideoThrowie.o
LOAD /usr/local/CrossPack-AVR-20120217/lib/gcc/avr/4.5.1/../../../../avr/lib/avr25/libc.a
LOAD /usr/local/CrossPack-AVR-20120217/lib/gcc/avr/4.5.1/avr25/libgcc.a
LOAD /usr/local/CrossPack-AVR-20120217/lib/gcc/avr/4.5.1/../../../../avr/lib/avr25/libc.a
LOAD /usr/local/CrossPack-AVR-20120217/lib/gcc/avr/4.5.1/avr25/libgcc.a

.hash
 *(.hash)

.dynsym
 *(.dynsym)

.dynstr
 *(.dynstr)

.gnu.version
 *(.gnu.version)

.gnu.version_d
 *(.gnu.version_d)

.gnu.version_r
 *(.gnu.version_r)

.rel.init
 *(.rel.init)

.rela.init
 *(.rela.init)

.rel.text
 *(.rel.text)
 *(.rel.text.*)
 *(.rel.gnu.linkonce.t*)

.rela.text
 *(.rela.text)
 *(.rela.text.*)
 *(.rela.gnu.linkonce.t*)

.rel.fini
 *(.rel.fini)

.rela.fini
 *(.rela.fini)

.rel.rodata
 *(.rel.rodata)
 *(.rel.rodata.*)
 *(.rel.gnu.linkonce.r*)

.rela.rodata
 *(.rela.rodata)
 *(.rela.rodata.*)
 *(.rela.gnu.linkonce.r*)

.rel.data
 *(.rel.data)
 *(.rel.data.*)
 *(.rel.gnu.linkonce.d*)

.rela.data
 *(.rela.data)
 *(.rela.data.*)
 *(.rela.gnu.linkonce.d*)

.rel.ctors
 *(.rel.ctors)

.rela.ctors
 *(.rela.ctors)

.rel.dtors
 *(.rel.dtors)

.rela.dtors
 *(.rela.dtors)

.rel.got
 *(.rel.got)

.rela.got
 *(.rela.got)

.rel.bss
 *(.rel.bss)

.rela.bss
 *(.rela.bss)

.rel.plt
 *(.rel.plt)

.rela.plt
 *(.rela.plt)

.text           0x00000000      0x2fc
 *(.vectors)
 .vectors       0x00000000       0x1e /usr/local/CrossPack-AVR-20120217/lib/gcc/avr/4.5.1/../../../../avr/lib/avr25/crttn45.o
                0x00000000                __vectors
                0x00000000                __vector_default
 *(.vectors)
 *(.progmem.gcc*)
 *(.progmem*)
                0x0000001e                . = ALIGN (0x2)
                0x0000001e                __trampolines_start = .
 *(.trampolines)
 .trampolines   0x0000001e        0x0 linker stubs
 *(.trampolines*)
                0x0000001e                __trampolines_end = .
 *(.jumptables)
 *(.jumptables*)
 *(.lowtext)
 *(.lowtext*)
                0x0000001e                __ctors_start = .
 *(.ctors)
                0x0000001e                __ctors_end = .
                0x0000001e                __dtors_start = .
 *(.dtors)
                0x0000001e                __dtors_end = .
 SORT(*)(.ctors)
 SORT(*)(.dtors)
 *(.init0)
 .init0         0x0000001e        0x0 /usr/local/CrossPack-AVR-20120217/lib/gcc/avr/4.5.1/../../../../avr/lib/avr25/crttn45.o
                0x0000001e                __init
 *(.init0)
 *(.init1)
 *(.init1)
 *(.init2)
 .init2         0x0000001e        0xc /usr/local/CrossPack-AVR-20120217/lib/gcc/avr/4.5.1/../../../../avr/lib/avr25/crttn45.o
 *(.init2)
 *(.init3)
 *(.init3)
 *(.init4)
 .init4         0x0000002a       0x16 /usr/local/CrossPack-AVR-20120217/lib/gcc/avr/4.5.1/avr25/libgcc.a(_copy_data.o)
                0x0000002a                __do_copy_data
 *(.init4)
 *(.init5)
 *(.init5)
 *(.init6)
 *(.init6)
 *(.init7)
 *(.init7)
 *(.init8)
 *(.init8)
 *(.init9)
 .init9         0x00000040        0x4 /usr/local/CrossPack-AVR-20120217/lib/gcc/avr/4.5.1/../../../../avr/lib/avr25/crttn45.o
 *(.init9)
 *(.text)
 .text          0x00000044        0x2 /usr/local/CrossPack-AVR-20120217/lib/gcc/avr/4.5.1/../../../../avr/lib/avr25/crttn45.o
                0x00000044                __vector_10
                0x00000044                __vector_12
                0x00000044                __bad_interrupt
                0x00000044                __vector_6
                0x00000044                __vector_3
                0x00000044                __vector_11
                0x00000044                __vector_13
                0x00000044                __vector_7
                0x00000044                __vector_4
                0x00000044                __vector_9
                0x00000044                __vector_2
                0x00000044                __vector_8
                0x00000044                __vector_14
                0x00000044                __vector_1
 .text          0x00000046      0x28a VideoThrowie.o
                0x00000046                delayMs
                0x0000005c                __vector_5
                0x00000086                flashLed
                0x000000de                mainD006D_V3
                0x00000178                main
 .text          0x000002d0        0x0 /usr/local/CrossPack-AVR-20120217/lib/gcc/avr/4.5.1/../../../../avr/lib/avr25/libc.a(exit.o)
 .text          0x000002d0        0x0 /usr/local/CrossPack-AVR-20120217/lib/gcc/avr/4.5.1/avr25/libgcc.a(_mulhi3.o)
 .text          0x000002d0        0x0 /usr/local/CrossPack-AVR-20120217/lib/gcc/avr/4.5.1/avr25/libgcc.a(_exit.o)
 .text          0x000002d0        0x0 /usr/local/CrossPack-AVR-20120217/lib/gcc/avr/4.5.1/avr25/libgcc.a(_copy_data.o)
                0x000002d0                . = ALIGN (0x2)
 *(.text.*)
 .text.avr-libc
                0x000002d0        0x4 /usr/local/CrossPack-AVR-20120217/lib/gcc/avr/4.5.1/../../../../avr/lib/avr25/libc.a(exit.o)
                0x000002d0                exit
 .text.libgcc   0x000002d4       0x24 /usr/local/CrossPack-AVR-20120217/lib/gcc/avr/4.5.1/avr25/libgcc.a(_mulhi3.o)
                0x000002d4                __mulhi3
 .text.libgcc   0x000002f8        0x0 /usr/local/CrossPack-AVR-20120217/lib/gcc/avr/4.5.1/avr25/libgcc.a(_exit.o)
 .text.libgcc   0x000002f8        0x0 /usr/local/CrossPack-AVR-20120217/lib/gcc/avr/4.5.1/avr25/libgcc.a(_copy_data.o)
                0x000002f8                . = ALIGN (0x2)
 *(.fini9)
 .fini9         0x000002f8        0x0 /usr/local/CrossPack-AVR-20120217/lib/gcc/avr/4.5.1/avr25/libgcc.a(_exit.o)
                0x000002f8                _exit
 *(.fini9)
 *(.fini8)
 *(.fini8)
 *(.fini7)
 *(.fini7)
 *(.fini6)
 *(.fini6)
 *(.fini5)
 *(.fini5)
 *(.fini4)
 *(.fini4)
 *(.fini3)
 *(.fini3)
 *(.fini2)
 *(.fini2)
 *(.fini1)
 *(.fini1)
 *(.fini0)
 .fini0         0x000002f8        0x4 /usr/local/CrossPack-AVR-20120217/lib/gcc/avr/4.5.1/avr25/libgcc.a(_exit.o)
 *(.fini0)
                0x000002fc                _etext = .

.data           0x00800060        0x2 load address 0x000002fc
                0x00800060                PROVIDE (__data_start, .)
 *(.data)
 .data          0x00800060        0x0 /usr/local/CrossPack-AVR-20120217/lib/gcc/avr/4.5.1/../../../../avr/lib/avr25/crttn45.o
 .data          0x00800060        0x1 VideoThrowie.o
                0x00800060                interval
 .data          0x00800061        0x0 /usr/local/CrossPack-AVR-20120217/lib/gcc/avr/4.5.1/../../../../avr/lib/avr25/libc.a(exit.o)
 .data          0x00800061        0x0 /usr/local/CrossPack-AVR-20120217/lib/gcc/avr/4.5.1/avr25/libgcc.a(_mulhi3.o)
 .data          0x00800061        0x0 /usr/local/CrossPack-AVR-20120217/lib/gcc/avr/4.5.1/avr25/libgcc.a(_exit.o)
 .data          0x00800061        0x0 /usr/local/CrossPack-AVR-20120217/lib/gcc/avr/4.5.1/avr25/libgcc.a(_copy_data.o)
 *(.data*)
 *(.rodata)
 *(.rodata*)
 *(.gnu.linkonce.d*)
                0x00800062                . = ALIGN (0x2)
 *fill*         0x00800061        0x1 00
                0x00800062                _edata = .
                0x00800062                PROVIDE (__data_end, .)

.bss            0x00800062        0x0
                0x00800062                PROVIDE (__bss_start, .)
 *(.bss)
 .bss           0x00800062        0x0 /usr/local/CrossPack-AVR-20120217/lib/gcc/avr/4.5.1/../../../../avr/lib/avr25/crttn45.o
 .bss           0x00800062        0x0 VideoThrowie.o
 .bss           0x00800062        0x0 /usr/local/CrossPack-AVR-20120217/lib/gcc/avr/4.5.1/../../../../avr/lib/avr25/libc.a(exit.o)
 .bss           0x00800062        0x0 /usr/local/CrossPack-AVR-20120217/lib/gcc/avr/4.5.1/avr25/libgcc.a(_mulhi3.o)
 .bss           0x00800062        0x0 /usr/local/CrossPack-AVR-20120217/lib/gcc/avr/4.5.1/avr25/libgcc.a(_exit.o)
 .bss           0x00800062        0x0 /usr/local/CrossPack-AVR-20120217/lib/gcc/avr/4.5.1/avr25/libgcc.a(_copy_data.o)
 *(.bss*)
 *(COMMON)
                0x00800062                PROVIDE (__bss_end, .)
                0x000002fc                __data_load_start = LOADADDR (.data)
                0x000002fe                __data_load_end = (__data_load_start + SIZEOF (.data))

.noinit         0x00800062        0x0
                0x00800062                PROVIDE (__noinit_start, .)
 *(.noinit*)
                0x00800062                PROVIDE (__noinit_end, .)
                0x00800062                _end = .
                0x00800062                PROVIDE (__heap_start, .)

.eeprom         0x00810000        0x0
 *(.eeprom*)
                0x00810000                __eeprom_end = .

.fuse
 *(.fuse)
 *(.lfuse)
 *(.hfuse)
 *(.efuse)

.lock
 *(.lock*)

.signature
 *(.signature*)

.stab           0x00000000      0x6fc
 *(.stab)
 .stab          0x00000000      0x6cc /usr/local/CrossPack-AVR-20120217/lib/gcc/avr/4.5.1/../../../../avr/lib/avr25/crttn45.o
 .stab          0x000006cc       0x30 /usr/local/CrossPack-AVR-20120217/lib/gcc/avr/4.5.1/../../../../avr/lib/avr25/libc.a(exit.o)
                                 0x3c (size before relaxing)

.stabstr        0x00000000       0xda
 *(.stabstr)
 .stabstr       0x00000000       0xda /usr/local/CrossPack-AVR-20120217/lib/gcc/avr/4.5.1/../../../../avr/lib/avr25/crttn45.o

.stab.excl
 *(.stab.excl)

.stab.exclstr
 *(.stab.exclstr)

.stab.index
 *(.stab.index)

.stab.indexstr
 *(.stab.indexstr)

.comment
 *(.comment)

.debug
 *(.debug)

.line
 *(.line)

.debug_srcinfo
 *(.debug_srcinfo)

.debug_sfnames
 *(.debug_sfnames)

.debug_aranges  0x00000000       0x20
 *(.debug_aranges)
 .debug_aranges
                0x00000000       0x20 VideoThrowie.o

.debug_pubnames
                0x00000000       0x61
 *(.debug_pubnames)
 .debug_pubnames
                0x00000000       0x61 VideoThrowie.o

.debug_info     0x00000000      0x5bc
 *(.debug_info)
 .debug_info    0x00000000      0x5bc VideoThrowie.o
 *(.gnu.linkonce.wi.*)

.debug_abbrev   0x00000000      0x180
 *(.debug_abbrev)
 .debug_abbrev  0x00000000      0x180 VideoThrowie.o

.debug_line     0x00000000      0x62b
 *(.debug_line)
 .debug_line    0x00000000      0x62b VideoThrowie.o

.debug_frame    0x00000000       0x60
 *(.debug_frame)
 .debug_frame   0x00000000       0x60 VideoThrowie.o

.debug_str      0x00000000       0xeb
 *(.debug_str)
 .debug_str     0x00000000       0xeb VideoThrowie.o
                                0x11f (size before relaxing)

.debug_loc      0x00000000      0x8d2
 *(.debug_loc)
 .debug_loc     0x00000000      0x8d2 VideoThrowie.o

.debug_macinfo
 *(.debug_macinfo)
OUTPUT(throwie.out elf32-avr)
LOAD linker stubs

.debug_pubtypes
                0x00000000       0x2b
 .debug_pubtypes
                0x00000000       0x2b VideoThrowie.o

.debug_ranges   0x00000000      0x228
 .debug_ranges  0x00000000      0x228 VideoThrowie.o
